Archive member included to satisfy reference by file (symbol)

C:/VSARM/armcc/133167~1.3RE/bin/../lib/gcc/arm-none-eabi/13.3.1/thumb/v6-m/nofp\libgcc.a(_dvmd_tls.o)
                              CMakeFiles/midi_test.dir/C_/RP2040/pico-sdk/src/rp2_common/pico_divider/divider_hardware.S.obj (__aeabi_idiv0)
C:/VSARM/armcc/133167~1.3RE/bin/../lib/gcc/arm-none-eabi/13.3.1/thumb/v6-m/nofp\libg.a(libc_a-calloc.o)
                              CMakeFiles/midi_test.dir/C_/RP2040/pico-sdk/src/rp2_common/pico_malloc/malloc.c.obj (calloc)
C:/VSARM/armcc/133167~1.3RE/bin/../lib/gcc/arm-none-eabi/13.3.1/thumb/v6-m/nofp\libg.a(libc_a-callocr.o)
                              C:/VSARM/armcc/133167~1.3RE/bin/../lib/gcc/arm-none-eabi/13.3.1/thumb/v6-m/nofp\libg.a(libc_a-calloc.o) (_calloc_r)
C:/VSARM/armcc/133167~1.3RE/bin/../lib/gcc/arm-none-eabi/13.3.1/thumb/v6-m/nofp\libg.a(libc_a-malloc.o)
                              CMakeFiles/midi_test.dir/C_/RP2040/pico-sdk/src/rp2_common/pico_malloc/malloc.c.obj (malloc)
C:/VSARM/armcc/133167~1.3RE/bin/../lib/gcc/arm-none-eabi/13.3.1/thumb/v6-m/nofp\libg.a(libc_a-mallocr.o)
                              C:/VSARM/armcc/133167~1.3RE/bin/../lib/gcc/arm-none-eabi/13.3.1/thumb/v6-m/nofp\libg.a(libc_a-callocr.o) (_malloc_r)
C:/VSARM/armcc/133167~1.3RE/bin/../lib/gcc/arm-none-eabi/13.3.1/thumb/v6-m/nofp\libg.a(libc_a-mlock.o)
                              C:/VSARM/armcc/133167~1.3RE/bin/../lib/gcc/arm-none-eabi/13.3.1/thumb/v6-m/nofp\libg.a(libc_a-mallocr.o) (__malloc_lock)
C:/VSARM/armcc/133167~1.3RE/bin/../lib/gcc/arm-none-eabi/13.3.1/thumb/v6-m/nofp\libg.a(libc_a-realloc.o)
                              CMakeFiles/midi_test.dir/C_/RP2040/pico-sdk/src/rp2_common/pico_malloc/malloc.c.obj (realloc)
C:/VSARM/armcc/133167~1.3RE/bin/../lib/gcc/arm-none-eabi/13.3.1/thumb/v6-m/nofp\libg.a(libc_a-reallocr.o)
                              C:/VSARM/armcc/133167~1.3RE/bin/../lib/gcc/arm-none-eabi/13.3.1/thumb/v6-m/nofp\libg.a(libc_a-realloc.o) (_realloc_r)
C:/VSARM/armcc/133167~1.3RE/bin/../lib/gcc/arm-none-eabi/13.3.1/thumb/v6-m/nofp\libg.a(libc_a-ctype_.o)
                              CMakeFiles/midi_test.dir/C_/RP2040/pico-sdk/lib/tinyusb/src/tusb.c.obj (_ctype_)
C:/VSARM/armcc/133167~1.3RE/bin/../lib/gcc/arm-none-eabi/13.3.1/thumb/v6-m/nofp\libg.a(libc_a-memcmp.o)
                              CMakeFiles/midi_test.dir/C_/RP2040/pico-sdk/src/rp2_common/pico_atomic/atomic.c.obj (memcmp)
C:/VSARM/armcc/133167~1.3RE/bin/../lib/gcc/arm-none-eabi/13.3.1/thumb/v6-m/nofp\libg.a(libc_a-memmove.o)
                              C:/VSARM/armcc/133167~1.3RE/bin/../lib/gcc/arm-none-eabi/13.3.1/thumb/v6-m/nofp\libg.a(libc_a-reallocr.o) (memmove)
C:/VSARM/armcc/133167~1.3RE/bin/../lib/gcc/arm-none-eabi/13.3.1/thumb/v6-m/nofp\libg.a(libc_a-lcltime_r.o)
                              CMakeFiles/midi_test.dir/C_/RP2040/pico-sdk/src/common/pico_util/datetime.c.obj (localtime_r)
C:/VSARM/armcc/133167~1.3RE/bin/../lib/gcc/arm-none-eabi/13.3.1/thumb/v6-m/nofp\libg.a(libc_a-mktime.o)
                              CMakeFiles/midi_test.dir/C_/RP2040/pico-sdk/src/common/pico_util/datetime.c.obj (mktime)
C:/VSARM/armcc/133167~1.3RE/bin/../lib/gcc/arm-none-eabi/13.3.1/thumb/v6-m/nofp\libg.a(libc_a-month_lengths.o)
                              C:/VSARM/armcc/133167~1.3RE/bin/../lib/gcc/arm-none-eabi/13.3.1/thumb/v6-m/nofp\libg.a(libc_a-lcltime_r.o) (__month_lengths)
C:/VSARM/armcc/133167~1.3RE/bin/../lib/gcc/arm-none-eabi/13.3.1/thumb/v6-m/nofp\libg.a(libc_a-tzcalc_limits.o)
                              C:/VSARM/armcc/133167~1.3RE/bin/../lib/gcc/arm-none-eabi/13.3.1/thumb/v6-m/nofp\libg.a(libc_a-lcltime_r.o) (__tzcalc_limits)
C:/VSARM/armcc/133167~1.3RE/bin/../lib/gcc/arm-none-eabi/13.3.1/thumb/v6-m/nofp\libg.a(libc_a-tzlock.o)
                              C:/VSARM/armcc/133167~1.3RE/bin/../lib/gcc/arm-none-eabi/13.3.1/thumb/v6-m/nofp\libg.a(libc_a-lcltime_r.o) (__tz_lock)
C:/VSARM/armcc/133167~1.3RE/bin/../lib/gcc/arm-none-eabi/13.3.1/thumb/v6-m/nofp\libg.a(libc_a-tzset.o)
                              C:/VSARM/armcc/133167~1.3RE/bin/../lib/gcc/arm-none-eabi/13.3.1/thumb/v6-m/nofp\libg.a(libc_a-lcltime_r.o) (_tzset_unlocked)
C:/VSARM/armcc/133167~1.3RE/bin/../lib/gcc/arm-none-eabi/13.3.1/thumb/v6-m/nofp\libg.a(libc_a-tzset_r.o)
                              C:/VSARM/armcc/133167~1.3RE/bin/../lib/gcc/arm-none-eabi/13.3.1/thumb/v6-m/nofp\libg.a(libc_a-tzset.o) (_tzset_unlocked_r)
C:/VSARM/armcc/133167~1.3RE/bin/../lib/gcc/arm-none-eabi/13.3.1/thumb/v6-m/nofp\libg.a(libc_a-tzvars.o)
                              C:/VSARM/armcc/133167~1.3RE/bin/../lib/gcc/arm-none-eabi/13.3.1/thumb/v6-m/nofp\libg.a(libc_a-tzset_r.o) (_timezone)
C:/VSARM/armcc/133167~1.3RE/bin/../lib/gcc/arm-none-eabi/13.3.1/thumb/v6-m/nofp\libg.a(libc_a-impure.o)
                              C:/VSARM/armcc/133167~1.3RE/bin/../lib/gcc/arm-none-eabi/13.3.1/thumb/v6-m/nofp\libg.a(libc_a-calloc.o) (_impure_ptr)
[...]
Memory Configuration

Name             Origin             Length             Attributes
FLASH            0x10000000         0x00200000         xr
RAM              0x20000000         0x00040000         xrw
SCRATCH_X        0x20040000         0x00001000         xrw
SCRATCH_Y        0x20041000         0x00001000         xrw
*default*        0x00000000         0xffffffff

Linker script and memory map

LOAD C:/VSARM/armcc/133167~1.3RE/bin/../lib/gcc/arm-none-eabi/13.3.1/thumb/v6-m/nofp/crti.o
LOAD C:/VSARM/armcc/133167~1.3RE/bin/../lib/gcc/arm-none-eabi/13.3.1/thumb/v6-m/nofp/crtbegin.o
LOAD C:/VSARM/armcc/133167~1.3RE/bin/../lib/gcc/arm-none-eabi/13.3.1/thumb/v6-m/nofp/crt0.o

.flash_begin    0x10000000        0x0
                0x10000000                        __flash_binary_start = .

.boot2          0x10000000      0x100
                0x10000000                        __boot2_start__ = .
 *(.boot2)
 .boot2         0x10000000      0x100 C:\Users\Phill\AppData\Local\Temp\cce43Dzg.o
                0x10000100                        __boot2_end__ = .
                0x00000001                        ASSERT (((__boot2_end__ - __boot2_start__) == 0x100), ERROR: Pico second stage bootloader must be 256 bytes in size)

.text           0x10000100     0x60c4
                0x10000100                        __logical_binary_start = .
 *(.vectors)
 .vectors       0x10000100       0xd4 CMakeFiles/midi_test.dir/C_/RP2040/pico-sdk/src/rp2_common/pico_crt0/crt0.S.obj
                0x10000100                __VECTOR_TABLE
                0x10000100                __vectors
                0x100001c0                isr_invalid
                0x100001c0                __default_isrs_start
                0x100001c2                isr_nmi
                0x100001c4                isr_hardfault
                0x100001c6                isr_svcall
                0x100001c8                isr_pendsv
                0x100001ca                isr_systick
                0x100001cc                isr_irq23
                0x100001cc                isr_irq18
                0x100001cc                isr_irq11
                0x100001cc                isr_irq28
                0x100001cc                isr_irq19
                0x100001cc                isr_irq0
                0x100001cc                isr_irq6
                0x100001cc                isr_irq5
                0x100001cc                isr_irq12
                0x100001cc                isr_irq22
                0x100001cc                isr_irq31
                0x100001cc                isr_irq17
                0x100001cc                isr_irq27
                0x100001cc                isr_irq30
                0x100001cc                isr_irq2
                0x100001cc                isr_irq10
                0x100001cc                isr_irq8
                0x100001cc                isr_irq24
                0x100001cc                isr_irq1
                0x100001cc                isr_irq7
                0x100001cc                isr_irq21
                0x100001cc                isr_irq20
                0x100001cc                isr_irq15
                0x100001cc                isr_irq25
                0x100001cc                isr_irq13
                0x100001cc                __unhandled_user_irq
                0x100001cc                isr_irq4
                0x100001cc                isr_irq16
                0x100001cc                isr_irq29
                0x100001cc                isr_irq26
                0x100001cc                __default_isrs_end
                0x100001cc                isr_irq3
                0x100001cc                isr_irq14
                0x100001cc                isr_irq9
                0x100001d2                unhandled_user_irq_num_in_r0
 *(.binary_info_header)
 .binary_info_header
                0x100001d4       0x14 CMakeFiles/midi_test.dir/C_/RP2040/pico-sdk/src/rp2_common/pico_crt0/crt0.S.obj
                0x100001e8                        __binary_info_header_end = .
 *(.embedded_block)
                0x100001e8                        __embedded_block_end = .
 *(.reset)
 .reset         0x100001e8       0x9c CMakeFiles/midi_test.dir/C_/RP2040/pico-sdk/src/rp2_common/pico_crt0/crt0.S.obj
                0x100001e8                _entry_point
 *(.init)
 .init          0x10000284        0x4 C:/VSARM/armcc/133167~1.3RE/bin/../lib/gcc/arm-none-eabi/13.3.1/thumb/v6-m/nofp/crti.o
                0x10000284                _init
 *(EXCLUDE_FILE(*libm.a: *libc.a:*lib_a-mem*.o *libgcc.a:) .text*)
 .text.register_tm_clones
                0x10000288       0x28 C:/VSARM/armcc/133167~1.3RE/bin/../lib/gcc/arm-none-eabi/13.3.1/thumb/v6-m/nofp/crtbegin.o
 .text.frame_dummy
                0x100002b0       0x24 C:/VSARM/armcc/133167~1.3RE/bin/../lib/gcc/arm-none-eabi/13.3.1/thumb/v6-m/nofp/crtbegin.o
 .text.board_millis
                0x100002d4       0x20 CMakeFiles/midi_test.dir/src/main.c.obj
 .text.tud_mount_cb
                0x100002f4       0x10 CMakeFiles/midi_test.dir/src/main.c.obj
                0x100002f4                tud_mount_cb
 .text.tud_umount_cb
                0x10000304        0xc CMakeFiles/midi_test.dir/src/main.c.obj
                0x10000304                tud_umount_cb
 .text.tud_suspend_cb
                0x10000310       0x10 CMakeFiles/midi_test.dir/src/main.c.obj
                0x10000310                tud_suspend_cb
 .text.tud_resume_cb
                0x10000320       0x1c CMakeFiles/midi_test.dir/src/main.c.obj
                0x10000320                tud_resume_cb
 .text.midi_task
                0x1000033c       0x94 CMakeFiles/midi_test.dir/src/main.c.obj
                0x1000033c                midi_task
 .text.led_blinking_task
                0x100003d0       0x3c CMakeFiles/midi_test.dir/src/main.c.obj
                0x100003d0                led_blinking_task
 .text.main     0x1000040c       0x30 CMakeFiles/midi_test.dir/src/main.c.obj
                0x1000040c                main
 .text.board_usb_get_serial
                0x1000043c       0x88 CMakeFiles/midi_test.dir/src/usb_descriptors.c.obj
 .text.tud_descriptor_device_cb
                0x100004c4        0x8 CMakeFiles/midi_test.dir/src/usb_descriptors.c.obj
                0x100004c4                tud_descriptor_device_cb
 .text.tud_descriptor_configuration_cb
                0x100004cc        0x8 CMakeFiles/midi_test.dir/src/usb_descriptors.c.obj
                0x100004cc                tud_descriptor_configuration_cb
 .text.tud_descriptor_string_cb
                0x100004d4       0x6c CMakeFiles/midi_test.dir/src/usb_descriptors.c.obj
                0x100004d4                tud_descriptor_string_cb
 .text.gpio_set_function
                0x10000540       0x34 CMakeFiles/midi_test.dir/C_/RP2040/pico-sdk/src/rp2_common/hardware_gpio/gpio.c.obj
                0x10000540                gpio_set_function
 .text.gpio_init
                0x10000574       0x16 CMakeFiles/midi_test.dir/C_/RP2040/pico-sdk/src/rp2_common/hardware_gpio/gpio.c.obj
                0x10000574                gpio_init
 *fill*         0x1000058a        0x2 
 .text.rp2040_chip_version
                0x1000058c       0x54 CMakeFiles/midi_test.dir/C_/RP2040/pico-sdk/src/rp2040/pico_platform/platform.c.obj
                0x1000058c                rp2040_chip_version
 .text.panic    0x100005e0       0x30 CMakeFiles/midi_test.dir/C_/RP2040/pico-sdk/src/rp2_common/pico_platform_panic/panic.c.obj
                0x100005e0                panic
 .text.hw_claim_lock
                0x10000610       0x18 CMakeFiles/midi_test.dir/C_/RP2040/pico-sdk/src/common/hardware_claim/claim.c.obj
                0x10000610                hw_claim_lock
 .text.hw_claim_unlock
                0x10000628       0x14 CMakeFiles/midi_test.dir/C_/RP2040/pico-sdk/src/common/hardware_claim/claim.c.obj
                0x10000628                hw_claim_unlock
 .text.hw_claim_or_assert
                0x1000063c       0x32 CMakeFiles/midi_test.dir/C_/RP2040/pico-sdk/src/common/hardware_claim/claim.c.obj
                0x1000063c                hw_claim_or_assert
 .text.hw_claim_unused_from_range
                0x1000066e       0x50 CMakeFiles/midi_test.dir/C_/RP2040/pico-sdk/src/common/hardware_claim/claim.c.obj
                0x1000066e                hw_claim_unused_from_range
 *fill*         0x100006be        0x2 
 .text.next_striped_spin_lock_num
                0x100006c0       0x1c CMakeFiles/midi_test.dir/C_/RP2040/pico-sdk/src/rp2_common/hardware_sync/sync.c.obj
                0x100006c0                next_striped_spin_lock_num
 .text.spin_lock_claim_unused
                0x100006dc       0x24 CMakeFiles/midi_test.dir/C_/RP2040/pico-sdk/src/rp2_common/hardware_sync/sync.c.obj
                0x100006dc                spin_lock_claim_unused
 .text.spin_locks_reset
                0x10000700       0x20 CMakeFiles/midi_test.dir/C_/RP2040/pico-sdk/src/rp2_common/hardware_sync_spin_lock/sync_spin_lock.c.obj
                0x10000700                spin_locks_reset
 .text.set_raw_irq_handler_and_unlock
                0x10000720       0x28 CMakeFiles/midi_test.dir/C_/RP2040/pico-sdk/src/rp2_common/hardware_irq/irq.c.obj
 .text.nvic_ipr0
                0x10000748        0x8 CMakeFiles/midi_test.dir/C_/RP2040/pico-sdk/src/rp2_common/hardware_irq/irq.c.obj
 .text.runtime_init_per_core_irq_priorities
                0x10000750       0x1c CMakeFiles/midi_test.dir/C_/RP2040/pico-sdk/src/rp2_common/hardware_irq/irq.c.obj
                0x10000750                runtime_init_per_core_irq_priorities
 .text.resolve_j_16
                0x1000076c       0x30 CMakeFiles/midi_test.dir/C_/RP2040/pico-sdk/src/rp2_common/hardware_irq/irq.c.obj
 .text.make_j_16
                0x1000079c       0x48 CMakeFiles/midi_test.dir/C_/RP2040/pico-sdk/src/rp2_common/hardware_irq/irq.c.obj
 .text.insert_bl_32
                0x100007e4       0x40 CMakeFiles/midi_test.dir/C_/RP2040/pico-sdk/src/rp2_common/hardware_irq/irq.c.obj
 .text.irq_is_enabled
                0x10000824       0x18 CMakeFiles/midi_test.dir/C_/RP2040/pico-sdk/src/rp2_common/hardware_irq/irq.c.obj
                0x10000824                irq_is_enabled
 .text.irq_set_mask_n_enabled
                0x1000083c       0x1c CMakeFiles/midi_test.dir/C_/RP2040/pico-sdk/src/rp2_common/hardware_irq/irq.c.obj
                0x1000083c                irq_set_mask_n_enabled
 .text.irq_set_enabled
                0x10000858       0x14 CMakeFiles/midi_test.dir/C_/RP2040/pico-sdk/src/rp2_common/hardware_irq/irq.c.obj
                0x10000858                irq_set_enabled
 .text.irq_get_vtable_handler
                0x1000086c       0x10 CMakeFiles/midi_test.dir/C_/RP2040/pico-sdk/src/rp2_common/hardware_irq/irq.c.obj
                0x1000086c                irq_get_vtable_handler
 .text.irq_set_exclusive_handler
                0x1000087c       0x54 CMakeFiles/midi_test.dir/C_/RP2040/pico-sdk/src/rp2_common/hardware_irq/irq.c.obj
                0x1000087c                irq_set_exclusive_handler
 .text.irq_add_shared_handler
                0x100008d0      0x218 CMakeFiles/midi_test.dir/C_/RP2040/pico-sdk/src/rp2_common/hardware_irq/irq.c.obj
                0x100008d0                irq_add_shared_handler
 .text.irq_remove_handler
                0x10000ae8      0x18c CMakeFiles/midi_test.dir/C_/RP2040/pico-sdk/src/rp2_common/hardware_irq/irq.c.obj
                0x10000ae8                irq_remove_handler
 .text.irq_add_tail_to_free_list
                0x10000c74       0xf4 CMakeFiles/midi_test.dir/C_/RP2040/pico-sdk/src/rp2_common/hardware_irq/irq.c.obj
                0x10000c74                irq_add_tail_to_free_list
 .text.lock_init
                0x10000d68       0x10 CMakeFiles/midi_test.dir/C_/RP2040/pico-sdk/src/common/pico_sync/lock_core.c.obj
                0x10000d68                lock_init
 .text.mutex_init
                0x10000d78       0x1a CMakeFiles/midi_test.dir/C_/RP2040/pico-sdk/src/common/pico_sync/mutex.c.obj
                0x10000d78                mutex_init
 .text.recursive_mutex_init
                0x10000d92       0x1e CMakeFiles/midi_test.dir/C_/RP2040/pico-sdk/src/common/pico_sync/mutex.c.obj
                0x10000d92                recursive_mutex_init
 .text.runtime_init_mutex
                0x10000db0       0x4c CMakeFiles/midi_test.dir/C_/RP2040/pico-sdk/src/common/pico_sync/mutex.c.obj
                0x10000db0                runtime_init_mutex
 .text.critical_section_init_with_lock_num
                0x10000dfc       0x14 CMakeFiles/midi_test.dir/C_/RP2040/pico-sdk/src/common/pico_sync/critical_section.c.obj
                0x10000dfc                critical_section_init_with_lock_num
 .text.critical_section_init
                0x10000e10       0x14 CMakeFiles/midi_test.dir/C_/RP2040/pico-sdk/src/common/pico_sync/critical_section.c.obj
                0x10000e10                critical_section_init
 .text.make_alarm_id
                0x10000e24        0x6 CMakeFiles/midi_test.dir/C_/RP2040/pico-sdk/src/common/pico_time/time.c.obj
 *fill*         0x10000e2a        0x2 
 .text.sleep_until_callback
                0x10000e2c       0x30 CMakeFiles/midi_test.dir/C_/RP2040/pico-sdk/src/common/pico_time/time.c.obj
 .text.alarm_pool_irq_handler
                0x10000e5c      0x2e0 CMakeFiles/midi_test.dir/C_/RP2040/pico-sdk/src/common/pico_time/time.c.obj
 .text.ta_enable_irq_handler
                0x1000113c       0x2c CMakeFiles/midi_test.dir/C_/RP2040/pico-sdk/src/common/pico_time/time.c.obj
 .text.alarm_pool_post_alloc_init
                0x10001168       0x78 CMakeFiles/midi_test.dir/C_/RP2040/pico-sdk/src/common/pico_time/time.c.obj
 .text.alarm_pool_get_default
                0x100011e0       0x2c CMakeFiles/midi_test.dir/C_/RP2040/pico-sdk/src/common/pico_time/time.c.obj
                0x100011e0                alarm_pool_get_default
 .text.alarm_pool_add_alarm_at_force_in_context
                0x1000120c       0xa4 CMakeFiles/midi_test.dir/C_/RP2040/pico-sdk/src/common/pico_time/time.c.obj
                0x1000120c                alarm_pool_add_alarm_at_force_in_context
 .text.alarm_pool_add_alarm_at
                0x100012b0       0x3c CMakeFiles/midi_test.dir/C_/RP2040/pico-sdk/src/common/pico_time/time.c.obj
                0x100012b0                alarm_pool_add_alarm_at
 .text.add_alarm_at
                0x100012ec       0x2e CMakeFiles/midi_test.dir/C_/RP2040/pico-sdk/src/common/pico_time/time.c.obj
 *fill*         0x1000131a        0x2 
 .text.alarm_pool_cancel_alarm
                0x1000131c       0x78 CMakeFiles/midi_test.dir/C_/RP2040/pico-sdk/src/common/pico_time/time.c.obj
                0x1000131c                alarm_pool_cancel_alarm
 .text.cancel_alarm
                0x10001394       0x10 CMakeFiles/midi_test.dir/C_/RP2040/pico-sdk/src/common/pico_time/time.c.obj
 .text.best_effort_wfe_or_timeout
                0x100013a4       0xc4 CMakeFiles/midi_test.dir/C_/RP2040/pico-sdk/src/common/pico_time/time.c.obj
                0x100013a4                best_effort_wfe_or_timeout
 .text.alarm_pool_get_default_timer
                0x10001468        0x8 CMakeFiles/midi_test.dir/C_/RP2040/pico-sdk/src/common/pico_time/time.c.obj
                0x10001468                alarm_pool_get_default_timer
 .text.runtime_init_default_alarm_pool
                0x10001470       0x38 CMakeFiles/midi_test.dir/C_/RP2040/pico-sdk/src/common/pico_time/time.c.obj
                0x10001470                runtime_init_default_alarm_pool
 .text.timer_hardware_alarm_claim
                0x100014a8       0x14 CMakeFiles/midi_test.dir/C_/RP2040/pico-sdk/src/rp2_common/hardware_timer/timer.c.obj
                0x100014a8                timer_hardware_alarm_claim
 .text.timer_time_us_64
                0x100014bc       0x10 CMakeFiles/midi_test.dir/C_/RP2040/pico-sdk/src/rp2_common/hardware_timer/timer.c.obj
                0x100014bc                timer_time_us_64
 .text.timer_busy_wait_until
                0x100014cc       0x1a CMakeFiles/midi_test.dir/C_/RP2040/pico-sdk/src/rp2_common/hardware_timer/timer.c.obj
                0x100014cc                timer_busy_wait_until
 .text.timer_busy_wait_us
                0x100014e6       0x38 CMakeFiles/midi_test.dir/C_/RP2040/pico-sdk/src/rp2_common/hardware_timer/timer.c.obj
                0x100014e6                timer_busy_wait_us
 *fill*         0x1000151e        0x2 
 .text.time_us_64
                0x10001520       0x10 CMakeFiles/midi_test.dir/C_/RP2040/pico-sdk/src/rp2_common/hardware_timer/timer.c.obj
                0x10001520                time_us_64
 .text.busy_wait_us
                0x10001530       0x14 CMakeFiles/midi_test.dir/C_/RP2040/pico-sdk/src/rp2_common/hardware_timer/timer.c.obj
                0x10001530                busy_wait_us
 .text.uart_unreset
                0x10001544       0x2c CMakeFiles/midi_test.dir/C_/RP2040/pico-sdk/src/rp2_common/hardware_uart/uart.c.obj
 .text.uart_disable_before_lcr_write
                0x10001570       0x48 CMakeFiles/midi_test.dir/C_/RP2040/pico-sdk/src/rp2_common/hardware_uart/uart.c.obj
 .text.uart_write_lcr_bits_masked
                0x100015b8       0x20 CMakeFiles/midi_test.dir/C_/RP2040/pico-sdk/src/rp2_common/hardware_uart/uart.c.obj
 .text.uart_set_baudrate
                0x100015d8       0x5c CMakeFiles/midi_test.dir/C_/RP2040/pico-sdk/src/rp2_common/hardware_uart/uart.c.obj
                0x100015d8                uart_set_baudrate
 .text.uart_set_translate_crlf
                0x10001634       0x28 CMakeFiles/midi_test.dir/C_/RP2040/pico-sdk/src/rp2_common/hardware_uart/uart.c.obj
                0x10001634                uart_set_translate_crlf
 .text.uart_init
                0x1000165c       0x64 CMakeFiles/midi_test.dir/C_/RP2040/pico-sdk/src/rp2_common/hardware_uart/uart.c.obj
                0x1000165c                uart_init
 .text.clock_configure_internal
                0x100016c0       0xc4 CMakeFiles/midi_test.dir/C_/RP2040/pico-sdk/src/rp2_common/hardware_clocks/clocks.c.obj
 .text.clock_configure_int_divider
                0x10001784       0x28 CMakeFiles/midi_test.dir/C_/RP2040/pico-sdk/src/rp2_common/hardware_clocks/clocks.c.obj
                0x10001784                clock_configure_int_divider
 .text.clock_configure_undivided
                0x100017ac       0x12 CMakeFiles/midi_test.dir/C_/RP2040/pico-sdk/src/rp2_common/hardware_clocks/clocks.c.obj
                0x100017ac                clock_configure_undivided
 *fill*         0x100017be        0x2 
 .text.clock_get_hz
                0x100017c0        0xc CMakeFiles/midi_test.dir/C_/RP2040/pico-sdk/src/rp2_common/hardware_clocks/clocks.c.obj
                0x100017c0                clock_get_hz
 .text.pll_init
                0x100017cc      0x124 CMakeFiles/midi_test.dir/C_/RP2040/pico-sdk/src/rp2_common/hardware_pll/pll.c.obj
                0x100017cc                pll_init
 .text.tick_start
                0x100018f0       0x10 CMakeFiles/midi_test.dir/C_/RP2040/pico-sdk/src/rp2_common/hardware_ticks/ticks.c.obj
                0x100018f0                tick_start
 .text.xosc_init
                0x10001900       0x28 CMakeFiles/midi_test.dir/C_/RP2040/pico-sdk/src/rp2_common/hardware_xosc/xosc.c.obj
                0x10001900                xosc_init
 .text.runtime_run_initializers_from
                0x10001928       0x18 CMakeFiles/midi_test.dir/C_/RP2040/pico-sdk/src/rp2_common/pico_runtime/runtime.c.obj
 .text.first_per_core_initializer
                0x10001940        0x2 CMakeFiles/midi_test.dir/C_/RP2040/pico-sdk/src/rp2_common/pico_runtime/runtime.c.obj
 *fill*         0x10001942        0x2 
 .text.runtime_run_initializers
                0x10001944       0x10 CMakeFiles/midi_test.dir/C_/RP2040/pico-sdk/src/rp2_common/pico_runtime/runtime.c.obj
                0x10001944                runtime_run_initializers
 .text.runtime_init_early_resets
                0x10001954       0x2c CMakeFiles/midi_test.dir/C_/RP2040/pico-sdk/src/rp2_common/pico_runtime_init/runtime_init.c.obj
                0x10001954                runtime_init_early_resets
 .text.runtime_init_usb_power_down
                0x10001980       0x1c CMakeFiles/midi_test.dir/C_/RP2040/pico-sdk/src/rp2_common/pico_runtime_init/runtime_init.c.obj
                0x10001980                runtime_init_usb_power_down
 .text.runtime_init_post_clock_resets
                0x1000199c       0x20 CMakeFiles/midi_test.dir/C_/RP2040/pico-sdk/src/rp2_common/pico_runtime_init/runtime_init.c.obj
                0x1000199c                runtime_init_post_clock_resets
 .text.runtime_init_rp2040_gpio_ie_disable
                0x100019bc       0x14 CMakeFiles/midi_test.dir/C_/RP2040/pico-sdk/src/rp2_common/pico_runtime_init/runtime_init.c.obj
                0x100019bc                runtime_init_rp2040_gpio_ie_disable
 .text.runtime_init_spin_locks_reset
                0x100019d0        0x8 CMakeFiles/midi_test.dir/C_/RP2040/pico-sdk/src/rp2_common/pico_runtime_init/runtime_init.c.obj
                0x100019d0                runtime_init_spin_locks_reset
 .text.runtime_init_install_ram_vector_table
                0x100019d8       0x1c CMakeFiles/midi_test.dir/C_/RP2040/pico-sdk/src/rp2_common/pico_runtime_init/runtime_init.c.obj
                0x100019d8                runtime_init_install_ram_vector_table
 .text.start_all_ticks
                0x100019f4       0x28 CMakeFiles/midi_test.dir/C_/RP2040/pico-sdk/src/rp2_common/pico_runtime_init/runtime_init_clocks.c.obj
 .text.runtime_init_clocks
                0x10001a1c       0xcc CMakeFiles/midi_test.dir/C_/RP2040/pico-sdk/src/rp2_common/pico_runtime_init/runtime_init_clocks.c.obj
                0x10001a1c                runtime_init_clocks
 .text          0x10001ae8       0x10 CMakeFiles/midi_test.dir/C_/RP2040/pico-sdk/src/rp2_common/pico_bit_ops/bit_ops_aeabi.S.obj
 .text.rom_func_lookup
                0x10001af8       0x10 CMakeFiles/midi_test.dir/C_/RP2040/pico-sdk/src/rp2_common/pico_bootrom/bootrom.c.obj
                0x10001af8                rom_func_lookup
 .text.rom_data_lookup
                0x10001b08       0x10 CMakeFiles/midi_test.dir/C_/RP2040/pico-sdk/src/rp2_common/pico_bootrom/bootrom.c.obj
                0x10001b08                rom_data_lookup
 .text.rom_funcs_lookup
                0x10001b18       0x36 CMakeFiles/midi_test.dir/C_/RP2040/pico-sdk/src/rp2_common/pico_bootrom/bootrom.c.obj
                0x10001b18                rom_funcs_lookup
 *fill*         0x10001b4e        0x2 
 .text.__wrap___aeabi_idiv
                0x10001b50       0x50 CMakeFiles/midi_test.dir/C_/RP2040/pico-sdk/src/rp2_common/pico_divider/divider_hardware.S.obj
                0x10001b50                __wrap___aeabi_idivmod
                0x10001b50                divmod_s32s32
                0x10001b50                div_s32s32
                0x10001b50                __wrap___aeabi_idiv
                0x10001b58                divmod_s32s32_unsafe
                0x10001b84                divmod_s32s32_savestate
 .text.__wrap___aeabi_uidiv
                0x10001ba0       0x4c CMakeFiles/midi_test.dir/C_/RP2040/pico-sdk/src/rp2_common/pico_divider/divider_hardware.S.obj
                0x10001ba0                __wrap___aeabi_uidiv
                0x10001ba0                __wrap___aeabi_uidivmod
                0x10001ba0                div_u32u32
                0x10001ba0                divmod_u32u32
                0x10001ba8                divmod_u32u32_unsafe
                0x10001bd0                divmod_u32u32_savestate
 .text.__wrap___aeabi_ldiv
                0x10001bec      0x424 CMakeFiles/midi_test.dir/C_/RP2040/pico-sdk/src/rp2_common/pico_divider/divider_hardware.S.obj
                0x10001bec                div_s64s64
                0x10001bec                divmod_s64s64
                0x10001bec                __wrap___aeabi_ldivmod
                0x10001c1c                divmod_u64u64
                0x10001c1c                div_u64u64
                0x10001c1c                __wrap___aeabi_uldivmod
                0x10001c2c                divmod_u64u64_savestate
                0x10001c4c                divmod_s64s64_unsafe
                0x10001cd4                divmod_u64u64_unsafe
 .text.__wrap___aeabi_darithmetic
                0x10002010       0x80 CMakeFiles/midi_test.dir/C_/RP2040/pico-sdk/src/rp2_common/pico_double/double_aeabi_rp2040.S.obj
                0x10002010                __wrap___aeabi_drsub
                0x10002016                __wrap___aeabi_dsub
                0x10002028                __wrap___aeabi_dadd
                0x1000203a                __wrap___aeabi_ddiv
                0x10002076                __wrap___aeabi_dmul
 .text.__wrap___aeabi_cdcmple
                0x10002090       0x6c CMakeFiles/midi_test.dir/C_/RP2040/pico-sdk/src/rp2_common/pico_double/double_aeabi_rp2040.S.obj
                0x10002090                __wrap___aeabi_cdrcmple
                0x100020a0                __wrap___aeabi_cdcmpeq
                0x100020a0                __wrap___aeabi_cdcmple
 .text.__wrap___aeabi_dcmplt
                0x100020fc        0xc CMakeFiles/midi_test.dir/C_/RP2040/pico-sdk/src/rp2_common/pico_double/double_aeabi_rp2040.S.obj
                0x100020fc                __wrap___aeabi_dcmplt
 .text.__wrap___aeabi_dcmple
                0x10002108       0x10 CMakeFiles/midi_test.dir/C_/RP2040/pico-sdk/src/rp2_common/pico_double/double_aeabi_rp2040.S.obj
                0x10002108                __wrap___aeabi_dcmple
 .text.__wrap___aeabi_dcmpge
                0x10002118       0x10 CMakeFiles/midi_test.dir/C_/RP2040/pico-sdk/src/rp2_common/pico_double/double_aeabi_rp2040.S.obj
                0x10002118                __wrap___aeabi_dcmpge
 .text.__wrap___aeabi_dcmpgt
                0x10002128        0xa CMakeFiles/midi_test.dir/C_/RP2040/pico-sdk/src/rp2_common/pico_double/double_aeabi_rp2040.S.obj
                0x10002128                __wrap___aeabi_dcmpgt
 .text.__wrap___aeabi_dcmpun
                0x10002132       0x18 CMakeFiles/midi_test.dir/C_/RP2040/pico-sdk/src/rp2_common/pico_double/double_aeabi_rp2040.S.obj
                0x10002132                __wrap___aeabi_dcmpun
 *fill*         0x1000214a        0x2 
 .text.__wrap___aeabi_i2d
                0x1000214c       0x38 CMakeFiles/midi_test.dir/C_/RP2040/pico-sdk/src/rp2_common/pico_double/double_aeabi_rp2040.S.obj
                0x1000214c                __wrap___aeabi_ui2d
                0x10002154                __wrap___aeabi_i2d
 .text.__wrap___aeabi_d2iz
                0x10002184       0x48 CMakeFiles/midi_test.dir/C_/RP2040/pico-sdk/src/rp2_common/pico_double/double_aeabi_rp2040.S.obj
                0x10002184                double2int_z
                0x10002184                __wrap___aeabi_d2iz
 .text.__wrap___aeabi_d2uiz
                0x100021cc       0x18 CMakeFiles/midi_test.dir/C_/RP2040/pico-sdk/src/rp2_common/pico_double/double_aeabi_rp2040.S.obj
                0x100021cc                __wrap___aeabi_d2uiz
                0x100021cc                double2uint
 .text.__aeabi_double_init
                0x100021e4       0xcc CMakeFiles/midi_test.dir/C_/RP2040/pico-sdk/src/rp2_common/pico_double/double_init_rom_rp2040.c.obj
                0x100021e4                __aeabi_double_init
 .text.double_table_shim_on_use_helper
                0x100022b0       0x34 CMakeFiles/midi_test.dir/C_/RP2040/pico-sdk/src/rp2_common/pico_double/double_v1_rom_shim_rp2040.S.obj
                0x100022b0                double_table_shim_on_use_helper
 .text.__wrap___aeabi_dsub
                0x100022e4       0x10 CMakeFiles/midi_test.dir/C_/RP2040/pico-sdk/src/rp2_common/pico_double/double_v1_rom_shim_rp2040.S.obj
                0x100022e4                drsub_shim
                0x100022ea                dsub_shim
 .text.dadd_shim
                0x100022f4      0x15c CMakeFiles/midi_test.dir/C_/RP2040/pico-sdk/src/rp2_common/pico_double/double_v1_rom_shim_rp2040.S.obj
                0x100022f4                dadd_shim
 .text.dmul_shim
                0x10002450      0x15c CMakeFiles/midi_test.dir/C_/RP2040/pico-sdk/src/rp2_common/pico_double/double_v1_rom_shim_rp2040.S.obj
                0x10002450                dmul_shim
 .text.ddiv_shim
                0x100025ac      0x1b0 CMakeFiles/midi_test.dir/C_/RP2040/pico-sdk/src/rp2_common/pico_double/double_v1_rom_shim_rp2040.S.obj
                0x100025ac                ddiv_shim
 .text.double2uint_shim
                0x1000275c        0xe CMakeFiles/midi_test.dir/C_/RP2040/pico-sdk/src/rp2_common/pico_double/double_v1_rom_shim_rp2040.S.obj
                0x1000275c                double2uint_shim
                0x1000275e                double2ufix_shim
 *fill*         0x1000276a        0x2 
 .text.double2uint64_shim
                0x1000276c       0x70 CMakeFiles/midi_test.dir/C_/RP2040/pico-sdk/src/rp2_common/pico_double/double_v1_rom_shim_rp2040.S.obj
                0x1000276c                double2uint64_shim
                0x1000276e                double2ufix64_shim
                0x1000278e                d2fix_a
 .text.dunpacks
                0x100027dc       0x3c CMakeFiles/midi_test.dir/C_/RP2040/pico-sdk/src/rp2_common/pico_double/double_v1_rom_shim_rp2040.S.obj
                0x100027dc                dunpacks
 .text.__aeabi_lmul
                0x10002818       0x32 CMakeFiles/midi_test.dir/C_/RP2040/pico-sdk/src/rp2_common/pico_int64_ops/pico_int64_ops_aeabi.S.obj
                0x10002818                __wrap___aeabi_lmul
 *fill*         0x1000284a        0x2 
 .text.__aeabi_float_init
                0x1000284c       0xfc CMakeFiles/midi_test.dir/C_/RP2040/pico-sdk/src/rp2_common/pico_float/float_init_rom_rp2040.c.obj
                0x1000284c                __aeabi_float_init
 .text.float_table_shim_on_use_helper
                0x10002948       0x34 CMakeFiles/midi_test.dir/C_/RP2040/pico-sdk/src/rp2_common/pico_float/float_v1_rom_shim_rp2040.S.obj
                0x10002948                float_table_shim_on_use_helper
 .text          0x1000297c       0x10 CMakeFiles/midi_test.dir/C_/RP2040/pico-sdk/src/rp2_common/pico_mem_ops/mem_ops_aeabi.S.obj
                0x1000297c                __aeabi_mem_init
 .text.memset   0x1000298c        0xc CMakeFiles/midi_test.dir/C_/RP2040/pico-sdk/src/rp2_common/pico_mem_ops/mem_ops_aeabi.S.obj
                0x1000298c                __wrap_memset
 .text.memcpy   0x10002998        0xc CMakeFiles/midi_test.dir/C_/RP2040/pico-sdk/src/rp2_common/pico_mem_ops/mem_ops_aeabi.S.obj
                0x10002998                __wrap_memcpy
                0x10002998                __wrap___aeabi_memcpy
 .text._out_null
                0x100029a4        0x2 CMakeFiles/midi_test.dir/C_/RP2040/pico-sdk/src/rp2_common/pico_printf/printf.c.obj
 .text._out_fct
                0x100029a6        0xe CMakeFiles/midi_test.dir/C_/RP2040/pico-sdk/src/rp2_common/pico_printf/printf.c.obj
 .text._atoi    0x100029b4       0x24 CMakeFiles/midi_test.dir/C_/RP2040/pico-sdk/src/rp2_common/pico_printf/printf.c.obj
 .text._out_rev
                0x100029d8       0xae CMakeFiles/midi_test.dir/C_/RP2040/pico-sdk/src/rp2_common/pico_printf/printf.c.obj
 .text._ntoa_format
                0x10002a86      0x110 CMakeFiles/midi_test.dir/C_/RP2040/pico-sdk/src/rp2_common/pico_printf/printf.c.obj
 .text._ntoa_long
                0x10002b96       0xbc CMakeFiles/midi_test.dir/C_/RP2040/pico-sdk/src/rp2_common/pico_printf/printf.c.obj
 .text._ntoa_long_long
                0x10002c52      0x10e CMakeFiles/midi_test.dir/C_/RP2040/pico-sdk/src/rp2_common/pico_printf/printf.c.obj
 .text._etoa    0x10002d60      0x420 CMakeFiles/midi_test.dir/C_/RP2040/pico-sdk/src/rp2_common/pico_printf/printf.c.obj
 .text._ftoa    0x10003180      0x354 CMakeFiles/midi_test.dir/C_/RP2040/pico-sdk/src/rp2_common/pico_printf/printf.c.obj
 .text._vsnprintf
                0x100034d4      0x668 CMakeFiles/midi_test.dir/C_/RP2040/pico-sdk/src/rp2_common/pico_printf/printf.c.obj
 .text.vfctprintf
                0x10003b3c       0x20 CMakeFiles/midi_test.dir/C_/RP2040/pico-sdk/src/rp2_common/pico_printf/printf.c.obj
                0x10003b3c                vfctprintf
 .text._exit    0x10003b5c        0x4 CMakeFiles/midi_test.dir/C_/RP2040/pico-sdk/src/rp2_common/pico_clib_interface/newlib_interface.c.obj
                0x10003b5c                _exit
 .text.exit     0x10003b60        0x6 CMakeFiles/midi_test.dir/C_/RP2040/pico-sdk/src/rp2_common/pico_clib_interface/newlib_interface.c.obj
                0x10003b60                exit
 *fill*         0x10003b66        0x2 
 .text.__assert_func
                0x10003b68       0x38 CMakeFiles/midi_test.dir/C_/RP2040/pico-sdk/src/rp2_common/pico_clib_interface/newlib_interface.c.obj
                0x10003b68                __assert_func
 .text.runtime_init
                0x10003ba0       0x28 CMakeFiles/midi_test.dir/C_/RP2040/pico-sdk/src/rp2_common/pico_clib_interface/newlib_interface.c.obj
                0x10003ba0                runtime_init
 .text.stdio_out_chars_no_crlf
                0x10003bc8        0xe CMakeFiles/midi_test.dir/C_/RP2040/pico-sdk/src/rp2_common/pico_stdio/stdio.c.obj
 *fill*         0x10003bd6        0x2 
 .text.stdio_out_chars_crlf
                0x10003bd8       0x80 CMakeFiles/midi_test.dir/C_/RP2040/pico-sdk/src/rp2_common/pico_stdio/stdio.c.obj
 .text.stdio_stack_buffer_flush
                0x10003c58       0x44 CMakeFiles/midi_test.dir/C_/RP2040/pico-sdk/src/rp2_common/pico_stdio/stdio.c.obj
 .text.stdio_buffered_printer
                0x10003c9c       0x20 CMakeFiles/midi_test.dir/C_/RP2040/pico-sdk/src/rp2_common/pico_stdio/stdio.c.obj
 .text.stdout_serialize_begin
                0x10003cbc       0x30 CMakeFiles/midi_test.dir/C_/RP2040/pico-sdk/src/rp2_common/pico_stdio/stdio.c.obj
                0x10003cbc                stdout_serialize_begin
 .text.stdout_serialize_end
                0x10003cec       0x10 CMakeFiles/midi_test.dir/C_/RP2040/pico-sdk/src/rp2_common/pico_stdio/stdio.c.obj
                0x10003cec                stdout_serialize_end
 .text.stdio_put_string
                0x10003cfc       0x94 CMakeFiles/midi_test.dir/C_/RP2040/pico-sdk/src/rp2_common/pico_stdio/stdio.c.obj
                0x10003cfc                stdio_put_string
 .text.stdio_set_driver_enabled
                0x10003d90       0x2c CMakeFiles/midi_test.dir/C_/RP2040/pico-sdk/src/rp2_common/pico_stdio/stdio.c.obj
                0x10003d90                stdio_set_driver_enabled
 .text.stdio_flush
                0x10003dbc       0x20 CMakeFiles/midi_test.dir/C_/RP2040/pico-sdk/src/rp2_common/pico_stdio/stdio.c.obj
                0x10003dbc                stdio_flush
 .text.__wrap_puts
                0x10003ddc       0x1e CMakeFiles/midi_test.dir/C_/RP2040/pico-sdk/src/rp2_common/pico_stdio/stdio.c.obj
                0x10003ddc                stdio_puts
                0x10003ddc                __wrap_puts
 *fill*         0x10003dfa        0x2 
 .text.__wrap_vprintf
                0x10003dfc       0x40 CMakeFiles/midi_test.dir/C_/RP2040/pico-sdk/src/rp2_common/pico_stdio/stdio.c.obj
                0x10003dfc                stdio_vprintf
                0x10003dfc                __wrap_vprintf
 .text.__wrap_printf
                0x10003e3c       0x18 CMakeFiles/midi_test.dir/C_/RP2040/pico-sdk/src/rp2_common/pico_stdio/stdio.c.obj
                0x10003e3c                __wrap_printf
                0x10003e3c                stdio_printf
 .text.uart_putc
                0x10003e54       0x60 CMakeFiles/midi_test.dir/C_/RP2040/pico-sdk/src/rp2_common/pico_stdio_uart/stdio_uart.c.obj
 .text.uart_getc
                0x10003eb4       0x24 CMakeFiles/midi_test.dir/C_/RP2040/pico-sdk/src/rp2_common/pico_stdio_uart/stdio_uart.c.obj
 .text.stdio_uart_out_chars
                0x10003ed8       0x20 CMakeFiles/midi_test.dir/C_/RP2040/pico-sdk/src/rp2_common/pico_stdio_uart/stdio_uart.c.obj
 .text.stdio_uart_in_chars
                0x10003ef8       0x5c CMakeFiles/midi_test.dir/C_/RP2040/pico-sdk/src/rp2_common/pico_stdio_uart/stdio_uart.c.obj
                0x10003ef8                stdio_uart_in_chars
 .text.on_uart_rx
                0x10003f54       0x28 CMakeFiles/midi_test.dir/C_/RP2040/pico-sdk/src/rp2_common/pico_stdio_uart/stdio_uart.c.obj
 .text.stdio_uart_out_flush
                0x10003f7c       0x10 CMakeFiles/midi_test.dir/C_/RP2040/pico-sdk/src/rp2_common/pico_stdio_uart/stdio_uart.c.obj
 .text.stdio_uart_set_chars_available_callback
                0x10003f8c       0x8c CMakeFiles/midi_test.dir/C_/RP2040/pico-sdk/src/rp2_common/pico_stdio_uart/stdio_uart.c.obj
 .text.stdio_uart_init_full
                0x10004018       0x44 CMakeFiles/midi_test.dir/C_/RP2040/pico-sdk/src/rp2_common/pico_stdio_uart/stdio_uart.c.obj
                0x10004018                stdio_uart_init_full
 .text._hw_endpoint_alloc
                0x1000405c       0x70 CMakeFiles/midi_test.dir/C_/RP2040/pico-sdk/lib/tinyusb/src/portable/raspberrypi/rp2040/dcd_rp2040.c.obj
 .text.hw_endpoint_init
                0x100040cc       0xbc CMakeFiles/midi_test.dir/C_/RP2040/pico-sdk/lib/tinyusb/src/portable/raspberrypi/rp2040/dcd_rp2040.c.obj
 .text.hw_endpoint_xfer
                0x10004188       0x20 CMakeFiles/midi_test.dir/C_/RP2040/pico-sdk/lib/tinyusb/src/portable/raspberrypi/rp2040/dcd_rp2040.c.obj
 .text.dcd_int_enable
                0x100041a8       0x2c CMakeFiles/midi_test.dir/C_/RP2040/pico-sdk/lib/tinyusb/src/portable/raspberrypi/rp2040/dcd_rp2040.c.obj
                0x100041a8                dcd_int_enable
 .text.dcd_set_address
                0x100041d4       0x2c CMakeFiles/midi_test.dir/C_/RP2040/pico-sdk/lib/tinyusb/src/portable/raspberrypi/rp2040/dcd_rp2040.c.obj
                0x100041d4                dcd_set_address
 .text.dcd_connect
                0x10004200       0x10 CMakeFiles/midi_test.dir/C_/RP2040/pico-sdk/lib/tinyusb/src/portable/raspberrypi/rp2040/dcd_rp2040.c.obj
                0x10004200                dcd_connect
 .text.dcd_init
                0x10004210       0x80 CMakeFiles/midi_test.dir/C_/RP2040/pico-sdk/lib/tinyusb/src/portable/raspberrypi/rp2040/dcd_rp2040.c.obj
                0x10004210                dcd_init
 .text.dcd_sof_enable
                0x10004290       0x1c CMakeFiles/midi_test.dir/C_/RP2040/pico-sdk/lib/tinyusb/src/portable/raspberrypi/rp2040/dcd_rp2040.c.obj
                0x10004290                dcd_sof_enable
 .text.dcd_edpt0_status_complete
                0x100042ac       0x1c CMakeFiles/midi_test.dir/C_/RP2040/pico-sdk/lib/tinyusb/src/portable/raspberrypi/rp2040/dcd_rp2040.c.obj
                0x100042ac                dcd_edpt0_status_complete
 .text.dcd_edpt_open
                0x100042c8       0x40 CMakeFiles/midi_test.dir/C_/RP2040/pico-sdk/lib/tinyusb/src/portable/raspberrypi/rp2040/dcd_rp2040.c.obj
                0x100042c8                dcd_edpt_open
 .text.dcd_edpt_close_all
                0x10004308        0x8 CMakeFiles/midi_test.dir/C_/RP2040/pico-sdk/lib/tinyusb/src/portable/raspberrypi/rp2040/dcd_rp2040.c.obj
                0x10004308                dcd_edpt_close_all
 .text.dcd_edpt_xfer
                0x10004310       0x30 CMakeFiles/midi_test.dir/C_/RP2040/pico-sdk/lib/tinyusb/src/portable/raspberrypi/rp2040/dcd_rp2040.c.obj
                0x10004310                dcd_edpt_xfer
 .text.dcd_edpt_stall
                0x10004340       0x3c CMakeFiles/midi_test.dir/C_/RP2040/pico-sdk/lib/tinyusb/src/portable/raspberrypi/rp2040/dcd_rp2040.c.obj
                0x10004340                dcd_edpt_stall
 .text.dcd_edpt_clear_stall
                0x1000437c       0x30 CMakeFiles/midi_test.dir/C_/RP2040/pico-sdk/lib/tinyusb/src/portable/raspberrypi/rp2040/dcd_rp2040.c.obj
                0x1000437c                dcd_edpt_clear_stall
 .text.unaligned_memcpy
                0x100043ac       0x14 CMakeFiles/midi_test.dir/C_/RP2040/pico-sdk/lib/tinyusb/src/portable/raspberrypi/rp2040/rp2040_usb.c.obj
 .text.rp2040_usb_init
                0x100043c0       0x44 CMakeFiles/midi_test.dir/C_/RP2040/pico-sdk/lib/tinyusb/src/portable/raspberrypi/rp2040/rp2040_usb.c.obj
                0x100043c0                rp2040_usb_init
 .text.hw_endpoint_xfer_start
                0x10004404       0x60 CMakeFiles/midi_test.dir/C_/RP2040/pico-sdk/lib/tinyusb/src/portable/raspberrypi/rp2040/rp2040_usb.c.obj
                0x10004404                hw_endpoint_xfer_start
 .text.tud_vendor_control_xfer_cb
                0x10004464        0x4 CMakeFiles/midi_test.dir/C_/RP2040/pico-sdk/lib/tinyusb/src/device/usbd.c.obj
                0x10004464                tud_vendor_control_xfer_cb
 .text.configuration_reset
                0x10004468       0x7c CMakeFiles/midi_test.dir/C_/RP2040/pico-sdk/lib/tinyusb/src/device/usbd.c.obj
 .text.critical_section_enter_blocking
                0x100044e4       0x16 CMakeFiles/midi_test.dir/C_/RP2040/pico-sdk/lib/tinyusb/src/device/usbd.c.obj
 .text.usbd_reset
                0x100044fa        0xc CMakeFiles/midi_test.dir/C_/RP2040/pico-sdk/lib/tinyusb/src/device/usbd.c.obj
 .text.invoke_class_control
                0x10004506       0x1a CMakeFiles/midi_test.dir/C_/RP2040/pico-sdk/lib/tinyusb/src/device/usbd.c.obj
 .text.process_set_config
                0x10004520      0x194 CMakeFiles/midi_test.dir/C_/RP2040/pico-sdk/lib/tinyusb/src/device/usbd.c.obj
 .text.tud_event_hook_cb
                0x100046b4        0x2 CMakeFiles/midi_test.dir/C_/RP2040/pico-sdk/lib/tinyusb/src/device/usbd.c.obj
                0x100046b4                tud_event_hook_cb
 .text.tud_sof_cb
                0x100046b6        0x2 CMakeFiles/midi_test.dir/C_/RP2040/pico-sdk/lib/tinyusb/src/device/usbd.c.obj
                0x100046b6                tud_sof_cb
 .text.tud_descriptor_bos_cb
                0x100046b8        0x4 CMakeFiles/midi_test.dir/C_/RP2040/pico-sdk/lib/tinyusb/src/device/usbd.c.obj
                0x100046b8                tud_descriptor_bos_cb
 .text.tud_descriptor_device_qualifier_cb
                0x100046bc        0x4 CMakeFiles/midi_test.dir/C_/RP2040/pico-sdk/lib/tinyusb/src/device/usbd.c.obj
                0x100046bc                tud_descriptor_device_qualifier_cb
 .text.tud_descriptor_other_speed_configuration_cb
                0x100046c0        0x4 CMakeFiles/midi_test.dir/C_/RP2040/pico-sdk/lib/tinyusb/src/device/usbd.c.obj
                0x100046c0                tud_descriptor_other_speed_configuration_cb
 .text.process_get_descriptor
                0x100046c4       0xe0 CMakeFiles/midi_test.dir/C_/RP2040/pico-sdk/lib/tinyusb/src/device/usbd.c.obj
 .text.tud_mounted
                0x100047a4       0x10 CMakeFiles/midi_test.dir/C_/RP2040/pico-sdk/lib/tinyusb/src/device/usbd.c.obj
                0x100047a4                tud_mounted
 .text.tud_inited
                0x100047b4       0x14 CMakeFiles/midi_test.dir/C_/RP2040/pico-sdk/lib/tinyusb/src/device/usbd.c.obj
                0x100047b4                tud_inited
 .text.tud_init
                0x100047c8       0xd4 CMakeFiles/midi_test.dir/C_/RP2040/pico-sdk/lib/tinyusb/src/device/usbd.c.obj
                0x100047c8                tud_init
 .text.usbd_edpt_open
                0x1000489c       0x60 CMakeFiles/midi_test.dir/C_/RP2040/pico-sdk/lib/tinyusb/src/device/usbd.c.obj
                0x1000489c                usbd_edpt_open
 .text.usbd_edpt_claim
                0x100048fc       0x28 CMakeFiles/midi_test.dir/C_/RP2040/pico-sdk/lib/tinyusb/src/device/usbd.c.obj
                0x100048fc                usbd_edpt_claim
 .text.usbd_edpt_release
                0x10004924       0x28 CMakeFiles/midi_test.dir/C_/RP2040/pico-sdk/lib/tinyusb/src/device/usbd.c.obj
                0x10004924                usbd_edpt_release
 .text.usbd_edpt_xfer
                0x1000494c       0x88 CMakeFiles/midi_test.dir/C_/RP2040/pico-sdk/lib/tinyusb/src/device/usbd.c.obj
                0x1000494c                usbd_edpt_xfer
 .text.usbd_edpt_stall
                0x100049d4       0x34 CMakeFiles/midi_test.dir/C_/RP2040/pico-sdk/lib/tinyusb/src/device/usbd.c.obj
                0x100049d4                usbd_edpt_stall
 .text.usbd_edpt_clear_stall
                0x10004a08       0x34 CMakeFiles/midi_test.dir/C_/RP2040/pico-sdk/lib/tinyusb/src/device/usbd.c.obj
                0x10004a08                usbd_edpt_clear_stall
 .text.usbd_edpt_stalled
                0x10004a3c       0x1c CMakeFiles/midi_test.dir/C_/RP2040/pico-sdk/lib/tinyusb/src/device/usbd.c.obj
                0x10004a3c                usbd_edpt_stalled
 .text.process_control_request
                0x10004a58      0x38c CMakeFiles/midi_test.dir/C_/RP2040/pico-sdk/lib/tinyusb/src/device/usbd.c.obj
 .text.tud_task_ext
                0x10004de4      0x1c4 CMakeFiles/midi_test.dir/C_/RP2040/pico-sdk/lib/tinyusb/src/device/usbd.c.obj
                0x10004de4                tud_task_ext
 .text._status_stage_xact
                0x10004fa8       0x1a CMakeFiles/midi_test.dir/C_/RP2040/pico-sdk/lib/tinyusb/src/device/usbd_control.c.obj
 *fill*         0x10004fc2        0x2 
 .text._data_stage_xact
                0x10004fc4       0x60 CMakeFiles/midi_test.dir/C_/RP2040/pico-sdk/lib/tinyusb/src/device/usbd_control.c.obj
 .text.tud_control_status
                0x10005024       0x28 CMakeFiles/midi_test.dir/C_/RP2040/pico-sdk/lib/tinyusb/src/device/usbd_control.c.obj
                0x10005024                tud_control_status
 .text.tud_control_xfer
                0x1000504c       0x98 CMakeFiles/midi_test.dir/C_/RP2040/pico-sdk/lib/tinyusb/src/device/usbd_control.c.obj
                0x1000504c                tud_control_xfer
 .text.usbd_control_reset
                0x100050e4       0x14 CMakeFiles/midi_test.dir/C_/RP2040/pico-sdk/lib/tinyusb/src/device/usbd_control.c.obj
                0x100050e4                usbd_control_reset
 .text.usbd_control_set_complete_callback
                0x100050f8        0xc CMakeFiles/midi_test.dir/C_/RP2040/pico-sdk/lib/tinyusb/src/device/usbd_control.c.obj
                0x100050f8                usbd_control_set_complete_callback
 .text.usbd_control_set_request
                0x10005104       0x1c CMakeFiles/midi_test.dir/C_/RP2040/pico-sdk/lib/tinyusb/src/device/usbd_control.c.obj
                0x10005104                usbd_control_set_request
 .text.usbd_control_xfer_cb
                0x10005120       0xe0 CMakeFiles/midi_test.dir/C_/RP2040/pico-sdk/lib/tinyusb/src/device/usbd_control.c.obj
                0x10005120                usbd_control_xfer_cb
 .text._prep_out_transaction
                0x10005200       0x44 CMakeFiles/midi_test.dir/C_/RP2040/pico-sdk/lib/tinyusb/src/class/midi/midi_device.c.obj
 .text.write_flush
                0x10005244       0x70 CMakeFiles/midi_test.dir/C_/RP2040/pico-sdk/lib/tinyusb/src/class/midi/midi_device.c.obj
 .text.tud_midi_n_available
                0x100052b4       0x34 CMakeFiles/midi_test.dir/C_/RP2040/pico-sdk/lib/tinyusb/src/class/midi/midi_device.c.obj
                0x100052b4                tud_midi_n_available
 .text.tud_midi_n_packet_read
                0x100052e8       0x48 CMakeFiles/midi_test.dir/C_/RP2040/pico-sdk/lib/tinyusb/src/class/midi/midi_device.c.obj
                0x100052e8                tud_midi_n_packet_read
 .text.tud_midi_n_stream_write
                0x10005330      0x2b0 CMakeFiles/midi_test.dir/C_/RP2040/pico-sdk/lib/tinyusb/src/class/midi/midi_device.c.obj
                0x10005330                tud_midi_n_stream_write
 .text.midid_init
                0x100055e0       0xa4 CMakeFiles/midi_test.dir/C_/RP2040/pico-sdk/lib/tinyusb/src/class/midi/midi_device.c.obj
                0x100055e0                midid_init
 .text.midid_deinit
                0x10005684       0x5c CMakeFiles/midi_test.dir/C_/RP2040/pico-sdk/lib/tinyusb/src/class/midi/midi_device.c.obj
                0x10005684                midid_deinit
 .text.midid_reset
                0x100056e0       0x44 CMakeFiles/midi_test.dir/C_/RP2040/pico-sdk/lib/tinyusb/src/class/midi/midi_device.c.obj
                0x100056e0                midid_reset
 .text.midid_open
                0x10005724      0x158 CMakeFiles/midi_test.dir/C_/RP2040/pico-sdk/lib/tinyusb/src/class/midi/midi_device.c.obj
                0x10005724                midid_open
 .text.midid_control_xfer_cb
                0x1000587c        0x4 CMakeFiles/midi_test.dir/C_/RP2040/pico-sdk/lib/tinyusb/src/class/midi/midi_device.c.obj
                0x1000587c                midid_control_xfer_cb
 .text.midid_xfer_cb
                0x10005880       0xd4 CMakeFiles/midi_test.dir/C_/RP2040/pico-sdk/lib/tinyusb/src/class/midi/midi_device.c.obj
                0x10005880                midid_xfer_cb
 .text.tu_edpt_claim
                0x10005954       0x50 CMakeFiles/midi_test.dir/C_/RP2040/pico-sdk/lib/tinyusb/src/tusb.c.obj
                0x10005954                tu_edpt_claim
 .text.tu_edpt_release
                0x100059a4       0x38 CMakeFiles/midi_test.dir/C_/RP2040/pico-sdk/lib/tinyusb/src/tusb.c.obj
                0x100059a4                tu_edpt_release
 .text.tu_edpt_validate
                0x100059dc       0xac CMakeFiles/midi_test.dir/C_/RP2040/pico-sdk/lib/tinyusb/src/tusb.c.obj
                0x100059dc                tu_edpt_validate
 .text.tu_edpt_bind_driver
                0x10005a88       0x26 CMakeFiles/midi_test.dir/C_/RP2040/pico-sdk/lib/tinyusb/src/tusb.c.obj
                0x10005a88                tu_edpt_bind_driver
 .text.advance_index
                0x10005aae       0x1a CMakeFiles/midi_test.dir/C_/RP2040/pico-sdk/lib/tinyusb/src/common/tusb_fifo.c.obj
 .text._tu_fifo_peek
                0x10005ac8       0x56 CMakeFiles/midi_test.dir/C_/RP2040/pico-sdk/lib/tinyusb/src/common/tusb_fifo.c.obj
 .text._ff_pull_n
                0x10005b1e       0x68 CMakeFiles/midi_test.dir/C_/RP2040/pico-sdk/lib/tinyusb/src/common/tusb_fifo.c.obj
 .text._tu_fifo_peek_n
                0x10005b86       0x6a CMakeFiles/midi_test.dir/C_/RP2040/pico-sdk/lib/tinyusb/src/common/tusb_fifo.c.obj
 .text._tu_fifo_read_n
                0x10005bf0       0x4e CMakeFiles/midi_test.dir/C_/RP2040/pico-sdk/lib/tinyusb/src/common/tusb_fifo.c.obj
 .text._ff_push_n
                0x10005c3e       0x68 CMakeFiles/midi_test.dir/C_/RP2040/pico-sdk/lib/tinyusb/src/common/tusb_fifo.c.obj
 .text._tu_fifo_write_n
                0x10005ca6       0xf0 CMakeFiles/midi_test.dir/C_/RP2040/pico-sdk/lib/tinyusb/src/common/tusb_fifo.c.obj
 .text.tu_fifo_config
                0x10005d96       0x7c CMakeFiles/midi_test.dir/C_/RP2040/pico-sdk/lib/tinyusb/src/common/tusb_fifo.c.obj
                0x10005d96                tu_fifo_config
 .text.tu_fifo_count
                0x10005e12       0x2a CMakeFiles/midi_test.dir/C_/RP2040/pico-sdk/lib/tinyusb/src/common/tusb_fifo.c.obj
                0x10005e12                tu_fifo_count
 .text.tu_fifo_full
                0x10005e3c       0x28 CMakeFiles/midi_test.dir/C_/RP2040/pico-sdk/lib/tinyusb/src/common/tusb_fifo.c.obj
                0x10005e3c                tu_fifo_full
 .text.tu_fifo_remaining
                0x10005e64       0x2c CMakeFiles/midi_test.dir/C_/RP2040/pico-sdk/lib/tinyusb/src/common/tusb_fifo.c.obj
                0x10005e64                tu_fifo_remaining
 .text.tu_fifo_read
                0x10005e90       0x42 CMakeFiles/midi_test.dir/C_/RP2040/pico-sdk/lib/tinyusb/src/common/tusb_fifo.c.obj
                0x10005e90                tu_fifo_read
 .text.tu_fifo_read_n
                0x10005ed2        0xa CMakeFiles/midi_test.dir/C_/RP2040/pico-sdk/lib/tinyusb/src/common/tusb_fifo.c.obj
                0x10005ed2                tu_fifo_read_n
 .text.tu_fifo_write
                0x10005edc       0x64 CMakeFiles/midi_test.dir/C_/RP2040/pico-sdk/lib/tinyusb/src/common/tusb_fifo.c.obj
                0x10005edc                tu_fifo_write
 .text.tu_fifo_write_n
                0x10005f40        0xa CMakeFiles/midi_test.dir/C_/RP2040/pico-sdk/lib/tinyusb/src/common/tusb_fifo.c.obj
                0x10005f40                tu_fifo_write_n
 .text.tu_fifo_clear
                0x10005f4a       0x3e CMakeFiles/midi_test.dir/C_/RP2040/pico-sdk/lib/tinyusb/src/common/tusb_fifo.c.obj
                0x10005f4a                tu_fifo_clear
 .text.board_init
                0x10005f88       0x30 CMakeFiles/midi_test.dir/C_/RP2040/pico-sdk/lib/tinyusb/hw/bsp/rp2040/family.c.obj
                0x10005f88                board_init
 .text.board_led_write
                0x10005fb8       0x1c CMakeFiles/midi_test.dir/C_/RP2040/pico-sdk/lib/tinyusb/hw/bsp/rp2040/family.c.obj
                0x10005fb8                board_led_write
 .text.board_get_unique_id
                0x10005fd4       0x26 CMakeFiles/midi_test.dir/C_/RP2040/pico-sdk/lib/tinyusb/hw/bsp/rp2040/family.c.obj
                0x10005fd4                board_get_unique_id
 *fill*         0x10005ffa        0x2 
 .text._retrieve_unique_id_on_boot
                0x10005ffc       0x10 CMakeFiles/midi_test.dir/C_/RP2040/pico-sdk/src/rp2_common/pico_unique_id/unique_id.c.obj
 .text.pico_get_unique_board_id
                0x1000600c       0x10 CMakeFiles/midi_test.dir/C_/RP2040/pico-sdk/src/rp2_common/pico_unique_id/unique_id.c.obj
                0x1000600c                pico_get_unique_board_id
 .text.flash_get_unique_id
                0x1000601c       0x40 CMakeFiles/midi_test.dir/C_/RP2040/pico-sdk/src/rp2_common/hardware_flash/flash.c.obj
                0x1000601c                flash_get_unique_id
 .text.strlen   0x1000605c       0x5c C:/VSARM/armcc/133167~1.3RE/bin/../lib/gcc/arm-none-eabi/13.3.1/thumb/v6-m/nofp\libg.a(libc_a-strlen-stub.o)
                0x1000605c                strlen
 *(.fini)
 .fini          0x100060b8        0x4 C:/VSARM/armcc/133167~1.3RE/bin/../lib/gcc/arm-none-eabi/13.3.1/thumb/v6-m/nofp/crti.o
                0x100060b8                _fini
 *fill*         0x100060bc        0x4 
 .fini.__stub   0x100060c0       0xc0 linker stubs
 *crtbegin.o(.ctors)
 *crtbegin?.o(.ctors)
 *(EXCLUDE_FILE(*crtend.o *crtend?.o) .ctors)
 *(SORT_BY_NAME(.ctors.*))
 *(.ctors)
 *crtbegin.o(.dtors)
 *crtbegin?.o(.dtors)
 *(EXCLUDE_FILE(*crtend.o *crtend?.o) .dtors)
 *(SORT_BY_NAME(.dtors.*))
 *(.dtors)
                0x10006180                        . = ALIGN (0x4)
                0x10006180                        PROVIDE (__preinit_array_start = .)
 *(SORT_BY_NAME(.preinit_array.*))
 .preinit_array.00100
                0x10006180        0x4 CMakeFiles/midi_test.dir/C_/RP2040/pico-sdk/src/rp2_common/pico_runtime_init/runtime_init.c.obj
                0x10006180                __pre_init_runtime_init_early_resets
 .preinit_array.00101
                0x10006184        0x4 CMakeFiles/midi_test.dir/C_/RP2040/pico-sdk/src/rp2_common/pico_runtime_init/runtime_init.c.obj
                0x10006184                __pre_init_runtime_init_usb_power_down
 .preinit_array.00275
                0x10006188        0x4 CMakeFiles/midi_test.dir/C_/RP2040/pico-sdk/src/rp2_common/pico_bit_ops/bit_ops_aeabi.S.obj
 .preinit_array.00300
                0x1000618c        0x4 CMakeFiles/midi_test.dir/C_/RP2040/pico-sdk/src/rp2_common/pico_mem_ops/mem_ops_aeabi.S.obj
 .preinit_array.00350
                0x10006190        0x4 CMakeFiles/midi_test.dir/C_/RP2040/pico-sdk/src/rp2_common/pico_double/double_aeabi_rp2040.S.obj
 .preinit_array.00350
                0x10006194        0x4 CMakeFiles/midi_test.dir/C_/RP2040/pico-sdk/src/rp2_common/pico_float/float_aeabi_rp2040.S.obj
 .preinit_array.00500
                0x10006198        0x4 CMakeFiles/midi_test.dir/C_/RP2040/pico-sdk/src/rp2_common/pico_runtime_init/runtime_init.c.obj
                0x10006198                __pre_init_runtime_init_clocks
 .preinit_array.00600
                0x1000619c        0x4 CMakeFiles/midi_test.dir/C_/RP2040/pico-sdk/src/rp2_common/pico_runtime_init/runtime_init.c.obj
                0x1000619c                __pre_init_runtime_init_post_clock_resets
 .preinit_array.00700
                0x100061a0        0x4 CMakeFiles/midi_test.dir/C_/RP2040/pico-sdk/src/rp2_common/pico_runtime_init/runtime_init.c.obj
                0x100061a0                __pre_init_runtime_init_rp2040_gpio_ie_disable
 .preinit_array.01000
                0x100061a4        0x4 CMakeFiles/midi_test.dir/C_/RP2040/pico-sdk/src/rp2_common/pico_runtime_init/runtime_init.c.obj
                0x100061a4                __pre_init_runtime_init_spin_locks_reset
 .preinit_array.01100
                0x100061a8        0x4 CMakeFiles/midi_test.dir/C_/RP2040/pico-sdk/src/common/pico_sync/mutex.c.obj
                0x100061a8                __pre_init_runtime_init_mutex
 .preinit_array.10080
                0x100061ac        0x4 CMakeFiles/midi_test.dir/C_/RP2040/pico-sdk/src/rp2_common/pico_runtime_init/runtime_init.c.obj
                0x100061ac                __pre_init_runtime_init_install_ram_vector_table
 .preinit_array.11000
                0x100061b0        0x4 CMakeFiles/midi_test.dir/C_/RP2040/pico-sdk/src/common/pico_time/time.c.obj
                0x100061b0                __pre_init_runtime_init_default_alarm_pool
 .preinit_array.YYYYY
                0x100061b4        0x4 CMakeFiles/midi_test.dir/C_/RP2040/pico-sdk/src/rp2_common/pico_runtime/runtime.c.obj
                0x100061b4                __pre_init_first_per_core_initializer
 .preinit_array.ZZZZZ.01200
                0x100061b8        0x4 CMakeFiles/midi_test.dir/C_/RP2040/pico-sdk/src/rp2_common/hardware_irq/irq.c.obj
                0x100061b8                __pre_init_runtime_init_per_core_irq_priorities
 *(.preinit_array)
                0x100061bc                        PROVIDE (__preinit_array_end = .)
                0x100061bc                        . = ALIGN (0x4)
                0x100061bc                        PROVIDE (__init_array_start = .)
 *(SORT_BY_NAME(.init_array.*))
 *(.init_array)
 .init_array    0x100061bc        0x4 C:/VSARM/armcc/133167~1.3RE/bin/../lib/gcc/arm-none-eabi/13.3.1/thumb/v6-m/nofp/crtbegin.o
 .init_array    0x100061c0        0x4 CMakeFiles/midi_test.dir/C_/RP2040/pico-sdk/src/rp2_common/pico_unique_id/unique_id.c.obj
                0x100061c4                        PROVIDE (__init_array_end = .)
                0x100061c4                        . = ALIGN (0x4)
                [!provide]                        PROVIDE (__fini_array_start = .)
 *(SORT_BY_NAME(.fini_array.*))
 *(.fini_array)
                [!provide]                        PROVIDE (__fini_array_end = .)
 *(.eh_frame*)
 .eh_frame      0x100061c4        0x0 C:/VSARM/armcc/133167~1.3RE/bin/../lib/gcc/arm-none-eabi/13.3.1/thumb/v6-m/nofp/crtbegin.o
                0x100061c4                        . = ALIGN (0x4)

.glue_7         0x100061c4        0x0
 .glue_7        0x100061c4        0x0 linker stubs

.glue_7t        0x100061c4        0x0
 .glue_7t       0x100061c4        0x0 linker stubs

.vfp11_veneer   0x100061c4        0x0
 .vfp11_veneer  0x100061c4        0x0 linker stubs

.v4_bx          0x100061c4        0x0
 .v4_bx         0x100061c4        0x0 linker stubs

.iplt           0x100061c4        0x0
 .iplt          0x100061c4        0x0 C:/VSARM/armcc/133167~1.3RE/bin/../lib/gcc/arm-none-eabi/13.3.1/thumb/v6-m/nofp/crtbegin.o

.rodata         0x100061c8     0x10c0
 *(EXCLUDE_FILE(*libm.a: *libc.a:*lib_a-mem*.o *libgcc.a:) .rodata*)
 .rodata.board_usb_get_serial.str1.4
                0x100061c8      0xa45 CMakeFiles/midi_test.dir/src/usb_descriptors.c.obj
                                 0x11 (size before relaxing)
 .rodata.str1.4
                0x10006c0d       0x17 CMakeFiles/midi_test.dir/src/usb_descriptors.c.obj
 *fill*         0x10006c0d        0x3 
 .rodata.__compound_literal.0
                0x10006c10        0x2 CMakeFiles/midi_test.dir/src/usb_descriptors.c.obj
 *fill*         0x10006c12        0x2 
 .rodata.desc_fs_configuration
                0x10006c14       0x65 CMakeFiles/midi_test.dir/src/usb_descriptors.c.obj
                0x10006c14                desc_fs_configuration
 *fill*         0x10006c79        0x3 
 .rodata.desc_device
                0x10006c7c       0x12 CMakeFiles/midi_test.dir/src/usb_descriptors.c.obj
                0x10006c7c                desc_device
 .rodata.rp2040_chip_version.str1.4
                0x10006c8e       0x6d CMakeFiles/midi_test.dir/C_/RP2040/pico-sdk/src/rp2040/pico_platform/platform.c.obj
 *fill*         0x10006c8e        0x2 
 .rodata.__func__.0
                0x10006c90       0x14 CMakeFiles/midi_test.dir/C_/RP2040/pico-sdk/src/rp2040/pico_platform/platform.c.obj
 .rodata.panic.str1.4
                0x10006ca4       0x12 CMakeFiles/midi_test.dir/C_/RP2040/pico-sdk/src/rp2_common/pico_platform_panic/panic.c.obj
 .rodata.spin_lock_claim_unused.str1.4
                0x10006ca4       0x1b CMakeFiles/midi_test.dir/C_/RP2040/pico-sdk/src/rp2_common/hardware_sync/sync.c.obj
 .rodata.resolve_j_16.str1.4
                0x10006ca4       0x4d CMakeFiles/midi_test.dir/C_/RP2040/pico-sdk/src/rp2_common/hardware_irq/irq.c.obj
 .rodata.make_j_16.str1.4
                0x10006ca4       0x30 CMakeFiles/midi_test.dir/C_/RP2040/pico-sdk/src/rp2_common/hardware_irq/irq.c.obj
 .rodata.insert_bl_32.str1.4
                0x10006ca4       0x10 CMakeFiles/midi_test.dir/C_/RP2040/pico-sdk/src/rp2_common/hardware_irq/irq.c.obj
 .rodata.irq_set_exclusive_handler.str1.4
                0x10006ca4       0x36 CMakeFiles/midi_test.dir/C_/RP2040/pico-sdk/src/rp2_common/hardware_irq/irq.c.obj
 .rodata.irq_add_shared_handler.str1.4
                0x10006ca4       0xd2 CMakeFiles/midi_test.dir/C_/RP2040/pico-sdk/src/rp2_common/hardware_irq/irq.c.obj
 .rodata.irq_remove_handler.str1.4
                0x10006ca4       0x3a CMakeFiles/midi_test.dir/C_/RP2040/pico-sdk/src/rp2_common/hardware_irq/irq.c.obj
 .rodata.irq_add_tail_to_free_list.str1.4
                0x10006ca4       0x3a CMakeFiles/midi_test.dir/C_/RP2040/pico-sdk/src/rp2_common/hardware_irq/irq.c.obj
 .rodata.__func__.0
                0x10006ca4       0x1a CMakeFiles/midi_test.dir/C_/RP2040/pico-sdk/src/rp2_common/hardware_irq/irq.c.obj
 *fill*         0x10006cbe        0x2 
 .rodata.__func__.1
                0x10006cc0        0xd CMakeFiles/midi_test.dir/C_/RP2040/pico-sdk/src/rp2_common/hardware_irq/irq.c.obj
 *fill*         0x10006ccd        0x3 
 .rodata.__func__.2
                0x10006cd0       0x13 CMakeFiles/midi_test.dir/C_/RP2040/pico-sdk/src/rp2_common/hardware_irq/irq.c.obj
 *fill*         0x10006ce3        0x1 
 .rodata.__func__.3
                0x10006ce4        0xa CMakeFiles/midi_test.dir/C_/RP2040/pico-sdk/src/rp2_common/hardware_irq/irq.c.obj
 *fill*         0x10006cee        0x2 
 .rodata.__func__.4
                0x10006cf0        0xd CMakeFiles/midi_test.dir/C_/RP2040/pico-sdk/src/rp2_common/hardware_irq/irq.c.obj
 *fill*         0x10006cfd        0x3 
 .rodata.__func__.5
                0x10006d00       0x17 CMakeFiles/midi_test.dir/C_/RP2040/pico-sdk/src/rp2_common/hardware_irq/irq.c.obj
 *fill*         0x10006d17        0x1 
 .rodata.__func__.6
                0x10006d18       0x1a CMakeFiles/midi_test.dir/C_/RP2040/pico-sdk/src/rp2_common/hardware_irq/irq.c.obj
 .rodata.runtime_init_mutex.str1.4
                0x10006d32       0x50 CMakeFiles/midi_test.dir/C_/RP2040/pico-sdk/src/common/pico_sync/mutex.c.obj
 .rodata.str1.4
                0x10006d32       0x51 CMakeFiles/midi_test.dir/C_/RP2040/pico-sdk/src/common/pico_sync/mutex.c.obj
 *fill*         0x10006d32        0x2 
 .rodata.__func__.1
                0x10006d34        0xb CMakeFiles/midi_test.dir/C_/RP2040/pico-sdk/src/common/pico_sync/mutex.c.obj
 *fill*         0x10006d3f        0x1 
 .rodata.__func__.3
                0x10006d40       0x18 CMakeFiles/midi_test.dir/C_/RP2040/pico-sdk/src/common/pico_sync/mutex.c.obj
 .rodata.__func__.6
                0x10006d58       0x13 CMakeFiles/midi_test.dir/C_/RP2040/pico-sdk/src/common/pico_sync/mutex.c.obj
 .rodata.alarm_pool_irq_handler.str1.4
                0x10006d6b       0x5b CMakeFiles/midi_test.dir/C_/RP2040/pico-sdk/src/common/pico_time/time.c.obj
 .rodata.alarm_pool_get_default.str1.4
                0x10006d6b       0x21 CMakeFiles/midi_test.dir/C_/RP2040/pico-sdk/src/common/pico_time/time.c.obj
 *fill*         0x10006d6b        0x1 
 .rodata.__func__.1
                0x10006d6c       0x17 CMakeFiles/midi_test.dir/C_/RP2040/pico-sdk/src/common/pico_time/time.c.obj
 *fill*         0x10006d83        0x1 
 .rodata.__func__.2
                0x10006d84       0x17 CMakeFiles/midi_test.dir/C_/RP2040/pico-sdk/src/common/pico_time/time.c.obj
 .rodata.timer_hardware_alarm_claim.str1.4
                0x10006d9b       0x22 CMakeFiles/midi_test.dir/C_/RP2040/pico-sdk/src/rp2_common/hardware_timer/timer.c.obj
 .rodata.pll_init.str1.4
                0x10006d9b      0x10c CMakeFiles/midi_test.dir/C_/RP2040/pico-sdk/src/rp2_common/hardware_pll/pll.c.obj
 *fill*         0x10006d9b        0x1 
 .rodata.__func__.0
                0x10006d9c        0x9 CMakeFiles/midi_test.dir/C_/RP2040/pico-sdk/src/rp2_common/hardware_pll/pll.c.obj
 .rodata.__aeabi_double_init.str1.4
                0x10006da5       0x8b CMakeFiles/midi_test.dir/C_/RP2040/pico-sdk/src/rp2_common/pico_double/double_init_rom_rp2040.c.obj
 *fill*         0x10006da5        0x3 
 .rodata.__func__.0
                0x10006da8       0x14 CMakeFiles/midi_test.dir/C_/RP2040/pico-sdk/src/rp2_common/pico_double/double_init_rom_rp2040.c.obj
 .rodata.__aeabi_float_init.str1.4
                0x10006dbc       0x7d CMakeFiles/midi_test.dir/C_/RP2040/pico-sdk/src/rp2_common/pico_float/float_init_rom_rp2040.c.obj
 .rodata.__func__.0
                0x10006dbc       0x13 CMakeFiles/midi_test.dir/C_/RP2040/pico-sdk/src/rp2_common/pico_float/float_init_rom_rp2040.c.obj
 .rodata.str1.4
                0x10006dcf       0x30 CMakeFiles/midi_test.dir/C_/RP2040/pico-sdk/src/rp2_common/pico_standard_binary_info/standard_binary_info.c.obj
 *fill*         0x10006dcf        0x1 
 .rodata.__bi_84
                0x10006dd0        0xc CMakeFiles/midi_test.dir/C_/RP2040/pico-sdk/src/rp2_common/pico_standard_binary_info/standard_binary_info.c.obj
 .rodata.__bi_54
                0x10006ddc        0xc CMakeFiles/midi_test.dir/C_/RP2040/pico-sdk/src/rp2_common/pico_standard_binary_info/standard_binary_info.c.obj
 .rodata.__bi_48
                0x10006de8        0xc CMakeFiles/midi_test.dir/C_/RP2040/pico-sdk/src/rp2_common/pico_standard_binary_info/standard_binary_info.c.obj
 .rodata.__bi_42
                0x10006df4        0xc CMakeFiles/midi_test.dir/C_/RP2040/pico-sdk/src/rp2_common/pico_standard_binary_info/standard_binary_info.c.obj
 .rodata.__bi_34
                0x10006e00        0xc CMakeFiles/midi_test.dir/C_/RP2040/pico-sdk/src/rp2_common/pico_standard_binary_info/standard_binary_info.c.obj
 .rodata.__bi_26
                0x10006e0c        0xc CMakeFiles/midi_test.dir/C_/RP2040/pico-sdk/src/rp2_common/pico_standard_binary_info/standard_binary_info.c.obj
 .rodata._ftoa.str1.4
                0x10006e18       0x15 CMakeFiles/midi_test.dir/C_/RP2040/pico-sdk/src/rp2_common/pico_printf/printf.c.obj
 .rodata._vsnprintf
                0x10006e18      0x19c CMakeFiles/midi_test.dir/C_/RP2040/pico-sdk/src/rp2_common/pico_printf/printf.c.obj
 *fill*         0x10006fb4        0x4 
 .rodata.pow10.0
                0x10006fb8       0x50 CMakeFiles/midi_test.dir/C_/RP2040/pico-sdk/src/rp2_common/pico_printf/printf.c.obj
 .rodata.__assert_func.str1.4
                0x10007008       0x43 CMakeFiles/midi_test.dir/C_/RP2040/pico-sdk/src/rp2_common/pico_clib_interface/newlib_interface.c.obj
 .rodata.crlf_str.0
                0x10007008        0x2 CMakeFiles/midi_test.dir/C_/RP2040/pico-sdk/src/rp2_common/pico_stdio/stdio.c.obj
 .rodata._hw_endpoint_alloc.str1.4
                0x1000700a       0xad CMakeFiles/midi_test.dir/C_/RP2040/pico-sdk/lib/tinyusb/src/portable/raspberrypi/rp2040/dcd_rp2040.c.obj
 .rodata.str1.4
                0x1000700a       0x14 CMakeFiles/midi_test.dir/C_/RP2040/pico-sdk/lib/tinyusb/src/portable/raspberrypi/rp2040/dcd_rp2040.c.obj
 .rodata.dcd_int_enable.str1.4
                0x1000700a        0xc CMakeFiles/midi_test.dir/C_/RP2040/pico-sdk/lib/tinyusb/src/portable/raspberrypi/rp2040/dcd_rp2040.c.obj
 *fill*         0x1000700a        0x2 
 .rodata.__func__.0
                0x1000700c        0xe CMakeFiles/midi_test.dir/C_/RP2040/pico-sdk/lib/tinyusb/src/portable/raspberrypi/rp2040/dcd_rp2040.c.obj
 *fill*         0x1000701a        0x2 
 .rodata.__func__.1
                0x1000701c        0xe CMakeFiles/midi_test.dir/C_/RP2040/pico-sdk/lib/tinyusb/src/portable/raspberrypi/rp2040/dcd_rp2040.c.obj
 *fill*         0x1000702a        0x2 
 .rodata.__func__.3
                0x1000702c       0x10 CMakeFiles/midi_test.dir/C_/RP2040/pico-sdk/lib/tinyusb/src/portable/raspberrypi/rp2040/dcd_rp2040.c.obj
 .rodata.__func__.5
                0x1000703c        0xf CMakeFiles/midi_test.dir/C_/RP2040/pico-sdk/lib/tinyusb/src/portable/raspberrypi/rp2040/dcd_rp2040.c.obj
 *fill*         0x1000704b        0x1 
 .rodata.__func__.6
                0x1000704c       0x13 CMakeFiles/midi_test.dir/C_/RP2040/pico-sdk/lib/tinyusb/src/portable/raspberrypi/rp2040/dcd_rp2040.c.obj
 *fill*         0x1000705f        0x1 
 .rodata.__func__.7
                0x10007060        0x9 CMakeFiles/midi_test.dir/C_/RP2040/pico-sdk/lib/tinyusb/src/portable/raspberrypi/rp2040/dcd_rp2040.c.obj
 .rodata.str1.4
                0x10007069       0xd4 CMakeFiles/midi_test.dir/C_/RP2040/pico-sdk/lib/tinyusb/src/portable/raspberrypi/rp2040/rp2040_usb.c.obj
 .rodata.hw_endpoint_xfer_start.str1.4
                0x10007069       0x38 CMakeFiles/midi_test.dir/C_/RP2040/pico-sdk/lib/tinyusb/src/portable/raspberrypi/rp2040/rp2040_usb.c.obj
 *fill*         0x10007069        0x3 
 .rodata.__func__.0
                0x1000706c        0xf CMakeFiles/midi_test.dir/C_/RP2040/pico-sdk/lib/tinyusb/src/portable/raspberrypi/rp2040/rp2040_usb.c.obj
 .rodata.configuration_reset.str1.4
                0x1000707b       0x17 CMakeFiles/midi_test.dir/C_/RP2040/pico-sdk/lib/tinyusb/src/device/usbd.c.obj
 *fill*         0x1000707b        0x1 
 .rodata.process_get_descriptor
                0x1000707c       0x40 CMakeFiles/midi_test.dir/C_/RP2040/pico-sdk/lib/tinyusb/src/device/usbd.c.obj
 .rodata        0x100070bc       0x1c CMakeFiles/midi_test.dir/C_/RP2040/pico-sdk/lib/tinyusb/src/device/usbd.c.obj
 .rodata.process_control_request
                0x100070d8       0x28 CMakeFiles/midi_test.dir/C_/RP2040/pico-sdk/lib/tinyusb/src/device/usbd.c.obj
 .rodata.tud_task_ext
                0x10007100       0x24 CMakeFiles/midi_test.dir/C_/RP2040/pico-sdk/lib/tinyusb/src/device/usbd.c.obj
 .rodata.__func__.4
                0x10007124        0xf CMakeFiles/midi_test.dir/C_/RP2040/pico-sdk/lib/tinyusb/src/device/usbd.c.obj
 *fill*         0x10007133        0x1 
 .rodata.__func__.5
                0x10007134        0xf CMakeFiles/midi_test.dir/C_/RP2040/pico-sdk/lib/tinyusb/src/device/usbd.c.obj
 *fill*         0x10007143        0x1 
 .rodata.__func__.7
                0x10007144        0xc CMakeFiles/midi_test.dir/C_/RP2040/pico-sdk/lib/tinyusb/src/device/usbd.c.obj
 .rodata.__func__.8
                0x10007150       0x17 CMakeFiles/midi_test.dir/C_/RP2040/pico-sdk/lib/tinyusb/src/device/usbd.c.obj
 *fill*         0x10007167        0x1 
 .rodata.__func__.9
                0x10007168       0x13 CMakeFiles/midi_test.dir/C_/RP2040/pico-sdk/lib/tinyusb/src/device/usbd.c.obj
 *fill*         0x1000717b        0x1 
 .rodata.__func__.10
                0x1000717c       0x18 CMakeFiles/midi_test.dir/C_/RP2040/pico-sdk/lib/tinyusb/src/device/usbd.c.obj
 .rodata.__func__.11
                0x10007194       0x14 CMakeFiles/midi_test.dir/C_/RP2040/pico-sdk/lib/tinyusb/src/device/usbd.c.obj
 .rodata.__func__.12
                0x100071a8        0xd CMakeFiles/midi_test.dir/C_/RP2040/pico-sdk/lib/tinyusb/src/device/usbd.c.obj
 *fill*         0x100071b5        0x3 
 .rodata.__func__.13
                0x100071b8        0x9 CMakeFiles/midi_test.dir/C_/RP2040/pico-sdk/lib/tinyusb/src/device/usbd.c.obj
 *fill*         0x100071c1        0x3 
 .rodata._usbd_driver
                0x100071c4       0x20 CMakeFiles/midi_test.dir/C_/RP2040/pico-sdk/lib/tinyusb/src/device/usbd.c.obj
 .rodata.tud_control_xfer.str1.4
                0x100071e4       0x17 CMakeFiles/midi_test.dir/C_/RP2040/pico-sdk/lib/tinyusb/src/device/usbd_control.c.obj
 .rodata.__func__.0
                0x100071e4       0x15 CMakeFiles/midi_test.dir/C_/RP2040/pico-sdk/lib/tinyusb/src/device/usbd_control.c.obj
 *fill*         0x100071f9        0x3 
 .rodata.__func__.1
                0x100071fc       0x11 CMakeFiles/midi_test.dir/C_/RP2040/pico-sdk/lib/tinyusb/src/device/usbd_control.c.obj
 .rodata.write_flush.str1.4
                0x1000720d       0x17 CMakeFiles/midi_test.dir/C_/RP2040/pico-sdk/lib/tinyusb/src/class/midi/midi_device.c.obj
 *fill*         0x1000720d        0x3 
 .rodata.__func__.0
                0x10007210        0xe CMakeFiles/midi_test.dir/C_/RP2040/pico-sdk/lib/tinyusb/src/class/midi/midi_device.c.obj
 *fill*         0x1000721e        0x2 
 .rodata.__func__.1
                0x10007220        0xb CMakeFiles/midi_test.dir/C_/RP2040/pico-sdk/lib/tinyusb/src/class/midi/midi_device.c.obj
 *fill*         0x1000722b        0x1 
 .rodata.__func__.3
                0x1000722c        0xc CMakeFiles/midi_test.dir/C_/RP2040/pico-sdk/lib/tinyusb/src/class/midi/midi_device.c.obj
 .rodata.__func__.4
                0x10007238       0x18 CMakeFiles/midi_test.dir/C_/RP2040/pico-sdk/lib/tinyusb/src/class/midi/midi_device.c.obj
 .rodata.tu_edpt_validate.str1.4
                0x10007250       0x17 CMakeFiles/midi_test.dir/C_/RP2040/pico-sdk/lib/tinyusb/src/tusb.c.obj
 .rodata.__func__.3
                0x10007250       0x11 CMakeFiles/midi_test.dir/C_/RP2040/pico-sdk/lib/tinyusb/src/tusb.c.obj
 .rodata.str1.4
                0x10007261        0x4 CMakeFiles/midi_test.dir/C_/RP2040/pico-sdk/lib/tinyusb/hw/bsp/rp2040/family.c.obj
 *fill*         0x10007261        0x3 
 .rodata.__bi_147.0
                0x10007264        0xc CMakeFiles/midi_test.dir/C_/RP2040/pico-sdk/lib/tinyusb/hw/bsp/rp2040/family.c.obj
 .rodata.__bi_157.1
                0x10007270        0x8 CMakeFiles/midi_test.dir/C_/RP2040/pico-sdk/lib/tinyusb/hw/bsp/rp2040/family.c.obj
 .rodata.str1.4
                0x10007278      0x189 CMakeFiles/midi_test.dir/C_/RP2040/pico-sdk/src/rp2_common/hardware_flash/flash.c.obj
 .rodata.__func__.0
                0x10007278        0xd CMakeFiles/midi_test.dir/C_/RP2040/pico-sdk/src/rp2_common/hardware_flash/flash.c.obj
                0x10007404                        . = ALIGN (0x4)
 *fill*         0x10007285        0x3 
 *(SORT_BY_ALIGNMENT(SORT_BY_NAME(.flashdata*)))
                0x10007288                        . = ALIGN (0x4)

.ARM.extab
 *(.ARM.extab* .gnu.linkonce.armextab.*)
                0x10007288                        __exidx_start = .

.ARM.exidx
 *(.ARM.exidx* .gnu.linkonce.armexidx.*)
                0x10007288                        __exidx_end = .
                0x10007288                        . = ALIGN (0x4)
                0x10007288                        __binary_info_start = .

.binary_info    0x10007288       0x20
 *(.binary_info.keep.*)
 .binary_info.keep.__bi_ptr84
                0x10007288        0x4 CMakeFiles/midi_test.dir/C_/RP2040/pico-sdk/src/rp2_common/pico_standard_binary_info/standard_binary_info.c.obj
 .binary_info.keep.__bi_ptr54
                0x1000728c        0x4 CMakeFiles/midi_test.dir/C_/RP2040/pico-sdk/src/rp2_common/pico_standard_binary_info/standard_binary_info.c.obj
 .binary_info.keep.__bi_ptr48
                0x10007290        0x4 CMakeFiles/midi_test.dir/C_/RP2040/pico-sdk/src/rp2_common/pico_standard_binary_info/standard_binary_info.c.obj
 .binary_info.keep.__bi_ptr42
                0x10007294        0x4 CMakeFiles/midi_test.dir/C_/RP2040/pico-sdk/src/rp2_common/pico_standard_binary_info/standard_binary_info.c.obj
 .binary_info.keep.__bi_ptr34
                0x10007298        0x4 CMakeFiles/midi_test.dir/C_/RP2040/pico-sdk/src/rp2_common/pico_standard_binary_info/standard_binary_info.c.obj
 .binary_info.keep.__bi_ptr26
                0x1000729c        0x4 CMakeFiles/midi_test.dir/C_/RP2040/pico-sdk/src/rp2_common/pico_standard_binary_info/standard_binary_info.c.obj
 .binary_info.keep.__bi_ptr157
                0x100072a0        0x4 CMakeFiles/midi_test.dir/C_/RP2040/pico-sdk/lib/tinyusb/hw/bsp/rp2040/family.c.obj
 .binary_info.keep.__bi_ptr147
                0x100072a4        0x4 CMakeFiles/midi_test.dir/C_/RP2040/pico-sdk/lib/tinyusb/hw/bsp/rp2040/family.c.obj
 *(.binary_info.*)
                0x100072a8                        __binary_info_end = .

.rel.dyn        0x100072a8        0x0
 .rel.iplt      0x100072a8        0x0 C:/VSARM/armcc/133167~1.3RE/bin/../lib/gcc/arm-none-eabi/13.3.1/thumb/v6-m/nofp/crtbegin.o
                0x100072a8                        . = ALIGN (0x4)

.ram_vector_table
                0x20000000       0xc0
 *(.ram_vector_table)
 .ram_vector_table
                0x20000000       0xc0 CMakeFiles/midi_test.dir/C_/RP2040/pico-sdk/src/rp2_common/pico_runtime_init/runtime_init.c.obj
                0x20000000                ram_vector_table

.uninitialized_data
                0x200000c0        0x0
                0x200000c0                        . = ALIGN (0x4)
 *(.uninitialized_data*)

.data           0x200000c0      0xc20 load address 0x100072a8
                0x200000c0                        __data_start__ = .
 *(vtable)
 *(.time_critical*)
 .time_critical.mutex_try_enter
                0x200000c0       0x48 CMakeFiles/midi_test.dir/C_/RP2040/pico-sdk/src/common/pico_sync/mutex.c.obj
                0x200000c0                mutex_try_enter
 .time_critical.mutex_enter_block_until
                0x20000108       0x90 CMakeFiles/midi_test.dir/C_/RP2040/pico-sdk/src/common/pico_sync/mutex.c.obj
                0x20000108                mutex_enter_block_until
 .time_critical.mutex_try_enter_block_until
                0x20000198       0x34 CMakeFiles/midi_test.dir/C_/RP2040/pico-sdk/src/common/pico_sync/mutex.c.obj
                0x20000198                mutex_try_enter_block_until
 .time_critical.mutex_enter_timeout_ms
                0x200001cc       0x3c CMakeFiles/midi_test.dir/C_/RP2040/pico-sdk/src/common/pico_sync/mutex.c.obj
                0x200001cc                mutex_enter_timeout_ms
 .time_critical.mutex_exit
                0x20000208       0x4c CMakeFiles/midi_test.dir/C_/RP2040/pico-sdk/src/common/pico_sync/mutex.c.obj
                0x20000208                mutex_exit
 .time_critical.reset_non_control_endpoints
                0x20000254       0x40 CMakeFiles/midi_test.dir/C_/RP2040/pico-sdk/lib/tinyusb/src/portable/raspberrypi/rp2040/dcd_rp2040.c.obj
 .time_critical.hw_handle_buff_status
                0x20000294       0xa4 CMakeFiles/midi_test.dir/C_/RP2040/pico-sdk/lib/tinyusb/src/portable/raspberrypi/rp2040/dcd_rp2040.c.obj
 .time_critical.dcd_rp2040_irq
                0x20000338      0x22c CMakeFiles/midi_test.dir/C_/RP2040/pico-sdk/lib/tinyusb/src/portable/raspberrypi/rp2040/dcd_rp2040.c.obj
 .time_critical.prepare_ep_buffer
                0x20000564       0x6c CMakeFiles/midi_test.dir/C_/RP2040/pico-sdk/lib/tinyusb/src/portable/raspberrypi/rp2040/rp2040_usb.c.obj
 .time_critical.e15_is_bulkin_ep
                0x200005d0       0x2c CMakeFiles/midi_test.dir/C_/RP2040/pico-sdk/lib/tinyusb/src/portable/raspberrypi/rp2040/rp2040_usb.c.obj
 .time_critical.e15_is_critical_frame_period
                0x200005fc       0x30 CMakeFiles/midi_test.dir/C_/RP2040/pico-sdk/lib/tinyusb/src/portable/raspberrypi/rp2040/rp2040_usb.c.obj
 .time_critical.sync_ep_buffer
                0x2000062c       0x78 CMakeFiles/midi_test.dir/C_/RP2040/pico-sdk/lib/tinyusb/src/portable/raspberrypi/rp2040/rp2040_usb.c.obj
 .time_critical._hw_endpoint_xfer_sync
                0x200006a4       0x28 CMakeFiles/midi_test.dir/C_/RP2040/pico-sdk/lib/tinyusb/src/portable/raspberrypi/rp2040/rp2040_usb.c.obj
 .time_critical.hw_endpoint_reset_transfer
                0x200006cc        0xc CMakeFiles/midi_test.dir/C_/RP2040/pico-sdk/lib/tinyusb/src/portable/raspberrypi/rp2040/rp2040_usb.c.obj
                0x200006cc                hw_endpoint_reset_transfer
 .time_critical._hw_endpoint_buffer_control_update32
                0x200006d8       0x4c CMakeFiles/midi_test.dir/C_/RP2040/pico-sdk/lib/tinyusb/src/portable/raspberrypi/rp2040/rp2040_usb.c.obj
                0x200006d8                _hw_endpoint_buffer_control_update32
 .time_critical.hw_endpoint_start_next_buffer
                0x20000724       0x88 CMakeFiles/midi_test.dir/C_/RP2040/pico-sdk/lib/tinyusb/src/portable/raspberrypi/rp2040/rp2040_usb.c.obj
                0x20000724                hw_endpoint_start_next_buffer
 .time_critical.hw_endpoint_xfer_continue
                0x200007ac       0x40 CMakeFiles/midi_test.dir/C_/RP2040/pico-sdk/lib/tinyusb/src/portable/raspberrypi/rp2040/rp2040_usb.c.obj
                0x200007ac                hw_endpoint_xfer_continue
 .time_critical.tinyusb
                0x200007ec      0x1d4 CMakeFiles/midi_test.dir/C_/RP2040/pico-sdk/lib/tinyusb/src/device/usbd.c.obj
                0x200007ec                dcd_event_handler
 .time_critical.flash_init_boot2_copyout
                0x200009c0       0x30 CMakeFiles/midi_test.dir/C_/RP2040/pico-sdk/src/rp2_common/hardware_flash/flash.c.obj
 .time_critical.flash_enable_xip_via_boot2
                0x200009f0        0xc CMakeFiles/midi_test.dir/C_/RP2040/pico-sdk/src/rp2_common/hardware_flash/flash.c.obj
 .time_critical.flash_cs_force
                0x200009fc       0x28 CMakeFiles/midi_test.dir/C_/RP2040/pico-sdk/src/rp2_common/hardware_flash/flash.c.obj
 .time_critical.flash_do_cmd
                0x20000a24       0xd8 CMakeFiles/midi_test.dir/C_/RP2040/pico-sdk/src/rp2_common/hardware_flash/flash.c.obj
                0x20000a24                flash_do_cmd
 *(.text*)
 .text          0x20000afc        0x4 C:/VSARM/armcc/133167~1.3RE/bin/../lib/gcc/arm-none-eabi/13.3.1/thumb/v6-m/nofp\libgcc.a(_dvmd_tls.o)
                0x20000afc                __aeabi_idiv0
                0x20000afc                __aeabi_ldiv0
 .text.__stub   0x20000b00       0xc0 linker stubs
                0x20000bc0                        . = ALIGN (0x4)
 *(.rodata*)
                0x20000bc0                        . = ALIGN (0x4)
 *(.data*)
 .data.note_sequence
                0x20000bc0       0x40 CMakeFiles/midi_test.dir/src/main.c.obj
                0x20000bc0                note_sequence
 .data.blink_interval_ms
                0x20000c00        0x4 CMakeFiles/midi_test.dir/src/main.c.obj
 .data.string_desc_arr
                0x20000c04       0x10 CMakeFiles/midi_test.dir/src/usb_descriptors.c.obj
                0x20000c04                string_desc_arr
 .data.striped_spin_lock_num
                0x20000c14        0x1 CMakeFiles/midi_test.dir/C_/RP2040/pico-sdk/src/rp2_common/hardware_sync/sync.c.obj
 *fill*         0x20000c15        0x3 
 .data          0x20000c18       0x48 CMakeFiles/midi_test.dir/C_/RP2040/pico-sdk/src/rp2_common/hardware_irq/irq_handler_chain.S.obj
                0x20000c18                irq_handler_chain_slots
                0x20000c48                irq_handler_chain_first_slot
                0x20000c52                irq_handler_chain_remove_tail
 .data.default_alarm_pool
                0x20000c60       0x18 CMakeFiles/midi_test.dir/C_/RP2040/pico-sdk/src/common/pico_time/time.c.obj
 *fill*         0x20000c78        0x8 
 .data.aeabi_bits_funcs
                0x20000c80       0x10 CMakeFiles/midi_test.dir/C_/RP2040/pico-sdk/src/rp2_common/pico_bit_ops/bit_ops_aeabi.S.obj
                0x20000c80                aeabi_bits_funcs
                0x20000c90                aeabi_bits_funcs_end
 .data.aeabi_mem_funcs
                0x20000c90       0x10 CMakeFiles/midi_test.dir/C_/RP2040/pico-sdk/src/rp2_common/pico_mem_ops/mem_ops_aeabi.S.obj
                0x20000c90                aeabi_mem_funcs
                0x20000ca0                aeabi_mem_funcs_end
 .data.stdio_uart
                0x20000ca0       0x18 CMakeFiles/midi_test.dir/C_/RP2040/pico-sdk/src/rp2_common/pico_stdio_uart/stdio_uart.c.obj
                0x20000ca0                stdio_uart
 .data._usbd_qdef
                0x20000cb8       0x1c CMakeFiles/midi_test.dir/C_/RP2040/pico-sdk/lib/tinyusb/src/device/usbd.c.obj
                0x20000cb8                _usbd_qdef
 .data._usbd_rhport
                0x20000cd4        0x1 CMakeFiles/midi_test.dir/C_/RP2040/pico-sdk/lib/tinyusb/src/device/usbd.c.obj
                0x20000cd8                        . = ALIGN (0x4)
 *fill*         0x20000cd5        0x3 
 *(.after_data.*)
                0x20000cd8                        . = ALIGN (0x4)
                0x20000cd8                        PROVIDE (__mutex_array_start = .)
 *(SORT_BY_NAME(.mutex_array.*))
 *(.mutex_array)
 .mutex_array   0x20000cd8        0x8 CMakeFiles/midi_test.dir/C_/RP2040/pico-sdk/src/rp2_common/pico_stdio/stdio.c.obj
                0x20000ce0                        PROVIDE (__mutex_array_end = .)
                0x20000ce0                        . = ALIGN (0x4)
 *(.jcr)
                0x20000ce0                        . = ALIGN (0x4)

.tm_clone_table
                0x20000ce0        0x0 load address 0x10007ec8
 .tm_clone_table
                0x20000ce0        0x0 C:/VSARM/armcc/133167~1.3RE/bin/../lib/gcc/arm-none-eabi/13.3.1/thumb/v6-m/nofp/crtbegin.o
 .tm_clone_table
                0x20000ce0        0x0 C:/VSARM/armcc/133167~1.3RE/bin/../lib/gcc/arm-none-eabi/13.3.1/thumb/v6-m/nofp/crtend.o

.igot.plt       0x20000ce0        0x0 load address 0x10007ec8
 .igot.plt      0x20000ce0        0x0 C:/VSARM/armcc/133167~1.3RE/bin/../lib/gcc/arm-none-eabi/13.3.1/thumb/v6-m/nofp/crtbegin.o

.tdata          0x20000ce0        0x0 load address 0x10007ec8
                0x20000ce0                        . = ALIGN (0x4)
 *(.tdata .tdata.* .gnu.linkonce.td.*)
                0x20000ce0                        __tdata_end = .
                0x20000ce0                        PROVIDE (__data_end__ = .)
                0x100072a8                        __etext = LOADADDR (.data)

.tbss           0x20000ce0        0x0 load address 0x10007ec8
                0x20000ce0                        . = ALIGN (0x4)
                0x20000ce0                        __bss_start__ = .
                0x20000ce0                        __tls_base = .
 *(.tbss .tbss.* .gnu.linkonce.tb.*)
 *(.tcommon)
                0x20000ce0                        __tls_end = .

.bss            0x20000ce0      0xc28 load address 0x10007ec8
                0x20000ce0                        . = ALIGN (0x4)
                0x20000ce0                        __tbss_end = .
 *(SORT_BY_ALIGNMENT(SORT_BY_NAME(.bss*)))
 .bss.default_alarm_pool_entries
                0x20000ce0      0x180 CMakeFiles/midi_test.dir/C_/RP2040/pico-sdk/src/common/pico_time/time.c.obj
 .bss._app_driver
                0x20000e60        0x4 CMakeFiles/midi_test.dir/C_/RP2040/pico-sdk/lib/tinyusb/src/device/usbd.c.obj
 .bss._ctrl_xfer
                0x20000e64       0x14 CMakeFiles/midi_test.dir/C_/RP2040/pico-sdk/lib/tinyusb/src/device/usbd_control.c.obj
 .bss._desc_str
                0x20000e78       0x42 CMakeFiles/midi_test.dir/src/usb_descriptors.c.obj
 *fill*         0x20000eba        0x2 
 .bss._midid_itf
                0x20000ebc      0x148 CMakeFiles/midi_test.dir/C_/RP2040/pico-sdk/lib/tinyusb/src/class/midi/midi_device.c.obj
                0x20000ebc                _midid_itf
 .bss._ubsd_mutexdef
                0x20001004        0x8 CMakeFiles/midi_test.dir/C_/RP2040/pico-sdk/lib/tinyusb/src/device/usbd.c.obj
 .bss._usbd_ctrl_buf
                0x2000100c       0x40 CMakeFiles/midi_test.dir/C_/RP2040/pico-sdk/lib/tinyusb/src/device/usbd_control.c.obj
 .bss._usbd_dev
                0x2000104c       0x54 CMakeFiles/midi_test.dir/C_/RP2040/pico-sdk/lib/tinyusb/src/device/usbd.c.obj
 .bss._usbd_mutex
                0x200010a0        0x4 CMakeFiles/midi_test.dir/C_/RP2040/pico-sdk/lib/tinyusb/src/device/usbd.c.obj
 .bss._usbd_q   0x200010a4        0x4 CMakeFiles/midi_test.dir/C_/RP2040/pico-sdk/lib/tinyusb/src/device/usbd.c.obj
 .bss._usbd_qdef_buf
                0x200010a8       0xc0 CMakeFiles/midi_test.dir/C_/RP2040/pico-sdk/lib/tinyusb/src/device/usbd.c.obj
                0x200010a8                _usbd_qdef_buf
 .bss.boot2_copyout
                0x20001168      0x100 CMakeFiles/midi_test.dir/C_/RP2040/pico-sdk/src/rp2_common/hardware_flash/flash.c.obj
 .bss.chars_available_callback
                0x20001268        0x4 CMakeFiles/midi_test.dir/C_/RP2040/pico-sdk/src/rp2_common/pico_stdio_uart/stdio_uart.c.obj
 .bss.chars_available_param
                0x2000126c        0x4 CMakeFiles/midi_test.dir/C_/RP2040/pico-sdk/src/rp2_common/pico_stdio_uart/stdio_uart.c.obj
 .bss.claimed   0x20001270        0x4 CMakeFiles/midi_test.dir/C_/RP2040/pico-sdk/src/rp2_common/hardware_sync/sync.c.obj
 .bss.claimed   0x20001274        0x1 CMakeFiles/midi_test.dir/C_/RP2040/pico-sdk/src/rp2_common/hardware_timer/timer.c.obj
 *fill*         0x20001275        0x3 
 .bss.configured_freq
                0x20001278       0x28 CMakeFiles/midi_test.dir/C_/RP2040/pico-sdk/src/rp2_common/hardware_clocks/clocks.c.obj
 .bss.drivers   0x200012a0        0x4 CMakeFiles/midi_test.dir/C_/RP2040/pico-sdk/src/rp2_common/pico_stdio/stdio.c.obj
 .bss.e15_last_sof
                0x200012a4        0x4 CMakeFiles/midi_test.dir/C_/RP2040/pico-sdk/lib/tinyusb/src/portable/raspberrypi/rp2040/rp2040_usb.c.obj
                0x200012a4                e15_last_sof
 .bss.filter    0x200012a8        0x4 CMakeFiles/midi_test.dir/C_/RP2040/pico-sdk/src/rp2_common/pico_stdio/stdio.c.obj
 .bss.hw_endpoints
                0x200012ac      0x400 CMakeFiles/midi_test.dir/C_/RP2040/pico-sdk/lib/tinyusb/src/portable/raspberrypi/rp2040/dcd_rp2040.c.obj
 .bss.next_buffer_ptr
                0x200016ac        0x4 CMakeFiles/midi_test.dir/C_/RP2040/pico-sdk/lib/tinyusb/src/portable/raspberrypi/rp2040/dcd_rp2040.c.obj
 .bss.note_pos  0x200016b0        0x4 CMakeFiles/midi_test.dir/src/main.c.obj
                0x200016b0                note_pos
 .bss.object.0  0x200016b4       0x18 C:/VSARM/armcc/133167~1.3RE/bin/../lib/gcc/arm-none-eabi/13.3.1/thumb/v6-m/nofp/crtbegin.o
 .bss.pools     0x200016cc       0x10 CMakeFiles/midi_test.dir/C_/RP2040/pico-sdk/src/common/pico_time/time.c.obj
 .bss.retrieved_id
                0x200016dc        0x8 CMakeFiles/midi_test.dir/C_/RP2040/pico-sdk/src/rp2_common/pico_unique_id/unique_id.c.obj
 .bss.sd_table  0x200016e4      0x100 CMakeFiles/midi_test.dir/C_/RP2040/pico-sdk/src/rp2_common/pico_double/double_init_rom_rp2040.c.obj
                0x200016e4                sd_table
 .bss.sf_clz_func
                0x200017e4        0x4 CMakeFiles/midi_test.dir/C_/RP2040/pico-sdk/src/rp2_common/pico_double/double_init_rom_rp2040.c.obj
                0x200017e4                sf_clz_func
 .bss.sf_table  0x200017e8      0x100 CMakeFiles/midi_test.dir/C_/RP2040/pico-sdk/src/rp2_common/pico_float/float_init_rom_rp2040.c.obj
                0x200017e8                sf_table
 .bss.sleep_notifier
                0x200018e8        0x4 CMakeFiles/midi_test.dir/C_/RP2040/pico-sdk/src/common/pico_time/time.c.obj
 .bss.start_ms.1
                0x200018ec        0x4 CMakeFiles/midi_test.dir/src/main.c.obj
 .bss.start_ms.2
                0x200018f0        0x4 CMakeFiles/midi_test.dir/src/main.c.obj
 .bss.uart_char_to_line_feed
                0x200018f4        0x4 CMakeFiles/midi_test.dir/C_/RP2040/pico-sdk/src/rp2_common/hardware_uart/uart.c.obj
                0x200018f4                uart_char_to_line_feed
 .bss.uart_inst
                0x200018f8        0x4 CMakeFiles/midi_test.dir/C_/RP2040/pico-sdk/lib/tinyusb/hw/bsp/rp2040/family.c.obj
 .bss.uart_instance
                0x200018fc        0x4 CMakeFiles/midi_test.dir/C_/RP2040/pico-sdk/src/rp2_common/pico_stdio_uart/stdio_uart.c.obj
 .bss._app_driver_count
                0x20001900        0x1 CMakeFiles/midi_test.dir/C_/RP2040/pico-sdk/lib/tinyusb/src/device/usbd.c.obj
 .bss._sof_enable
                0x20001901        0x1 CMakeFiles/midi_test.dir/C_/RP2040/pico-sdk/lib/tinyusb/src/portable/raspberrypi/rp2040/dcd_rp2040.c.obj
 .bss._usbd_queued_setup
                0x20001902        0x1 CMakeFiles/midi_test.dir/C_/RP2040/pico-sdk/lib/tinyusb/src/device/usbd.c.obj
 .bss.boot2_copyout_valid
                0x20001903        0x1 CMakeFiles/midi_test.dir/C_/RP2040/pico-sdk/src/rp2_common/hardware_flash/flash.c.obj
 .bss.irq_handler_chain_free_slot_head
                0x20001904        0x1 CMakeFiles/midi_test.dir/C_/RP2040/pico-sdk/src/rp2_common/hardware_irq/irq.c.obj
 .bss.led_state.0
                0x20001905        0x1 CMakeFiles/midi_test.dir/src/main.c.obj
 *(COMMON)
                0x20001908                        . = ALIGN (0x4)
 *fill*         0x20001906        0x2 
                0x20001908                        __bss_end__ = .
